Archive member included to satisfy reference by file (symbol)

D:/Archivos de Programa/Arm GNU Toolchain arm-none-eabi/13.2 Rel1/bin/../lib/gcc/arm-none-eabi/13.2.1/thumb/v6-m/nofp\libgcc.a(_dvmd_tls.o)
                              CMakeFiles/main.dir/C_/Users/USUARIO/OneDrive/Documentos/pico-sdk-master/src/rp2_common/pico_divider/divider.S.obj (__aeabi_idiv0)
D:/Archivos de Programa/Arm GNU Toolchain arm-none-eabi/13.2 Rel1/bin/../lib/gcc/arm-none-eabi/13.2.1/thumb/v6-m/nofp\libg.a(libc_a-calloc.o)
                              CMakeFiles/main.dir/C_/Users/USUARIO/OneDrive/Documentos/pico-sdk-master/src/rp2_common/pico_malloc/pico_malloc.c.obj (calloc)
D:/Archivos de Programa/Arm GNU Toolchain arm-none-eabi/13.2 Rel1/bin/../lib/gcc/arm-none-eabi/13.2.1/thumb/v6-m/nofp\libg.a(libc_a-callocr.o)
                              D:/Archivos de Programa/Arm GNU Toolchain arm-none-eabi/13.2 Rel1/bin/../lib/gcc/arm-none-eabi/13.2.1/thumb/v6-m/nofp\libg.a(libc_a-calloc.o) (_calloc_r)
D:/Archivos de Programa/Arm GNU Toolchain arm-none-eabi/13.2 Rel1/bin/../lib/gcc/arm-none-eabi/13.2.1/thumb/v6-m/nofp\libg.a(libc_a-malloc.o)
                              CMakeFiles/main.dir/C_/Users/USUARIO/OneDrive/Documentos/pico-sdk-master/src/rp2_common/pico_malloc/pico_malloc.c.obj (malloc)
D:/Archivos de Programa/Arm GNU Toolchain arm-none-eabi/13.2 Rel1/bin/../lib/gcc/arm-none-eabi/13.2.1/thumb/v6-m/nofp\libg.a(libc_a-mallocr.o)
                              D:/Archivos de Programa/Arm GNU Toolchain arm-none-eabi/13.2 Rel1/bin/../lib/gcc/arm-none-eabi/13.2.1/thumb/v6-m/nofp\libg.a(libc_a-callocr.o) (_malloc_r)
D:/Archivos de Programa/Arm GNU Toolchain arm-none-eabi/13.2 Rel1/bin/../lib/gcc/arm-none-eabi/13.2.1/thumb/v6-m/nofp\libg.a(libc_a-mlock.o)
                              D:/Archivos de Programa/Arm GNU Toolchain arm-none-eabi/13.2 Rel1/bin/../lib/gcc/arm-none-eabi/13.2.1/thumb/v6-m/nofp\libg.a(libc_a-mallocr.o) (__malloc_lock)
D:/Archivos de Programa/Arm GNU Toolchain arm-none-eabi/13.2 Rel1/bin/../lib/gcc/arm-none-eabi/13.2.1/thumb/v6-m/nofp\libg.a(libc_a-realloc.o)
                              CMakeFiles/main.dir/C_/Users/USUARIO/OneDrive/Documentos/pico-sdk-master/src/rp2_common/pico_malloc/pico_malloc.c.obj (realloc)
D:/Archivos de Programa/Arm GNU Toolchain arm-none-eabi/13.2 Rel1/bin/../lib/gcc/arm-none-eabi/13.2.1/thumb/v6-m/nofp\libg.a(libc_a-reallocr.o)
                              D:/Archivos de Programa/Arm GNU Toolchain arm-none-eabi/13.2 Rel1/bin/../lib/gcc/arm-none-eabi/13.2.1/thumb/v6-m/nofp\libg.a(libc_a-realloc.o) (_realloc_r)
D:/Archivos de Programa/Arm GNU Toolchain arm-none-eabi/13.2 Rel1/bin/../lib/gcc/arm-none-eabi/13.2.1/thumb/v6-m/nofp\libg.a(libc_a-memmove.o)
                              D:/Archivos de Programa/Arm GNU Toolchain arm-none-eabi/13.2 Rel1/bin/../lib/gcc/arm-none-eabi/13.2.1/thumb/v6-m/nofp\libg.a(libc_a-reallocr.o) (memmove)
D:/Archivos de Programa/Arm GNU Toolchain arm-none-eabi/13.2 Rel1/bin/../lib/gcc/arm-none-eabi/13.2.1/thumb/v6-m/nofp\libg.a(libc_a-impure.o)
                              D:/Archivos de Programa/Arm GNU Toolchain arm-none-eabi/13.2 Rel1/bin/../lib/gcc/arm-none-eabi/13.2.1/thumb/v6-m/nofp\libg.a(libc_a-calloc.o) (_impure_ptr)
D:/Archivos de Programa/Arm GNU Toolchain arm-none-eabi/13.2 Rel1/bin/../lib/gcc/arm-none-eabi/13.2.1/thumb/v6-m/nofp\libg.a(libc_a-sbrkr.o)
                              D:/Archivos de Programa/Arm GNU Toolchain arm-none-eabi/13.2 Rel1/bin/../lib/gcc/arm-none-eabi/13.2.1/thumb/v6-m/nofp\libg.a(libc_a-mallocr.o) (_sbrk_r)
D:/Archivos de Programa/Arm GNU Toolchain arm-none-eabi/13.2 Rel1/bin/../lib/gcc/arm-none-eabi/13.2.1/thumb/v6-m/nofp\libg.a(libc_a-errno.o)
                              D:/Archivos de Programa/Arm GNU Toolchain arm-none-eabi/13.2 Rel1/bin/../lib/gcc/arm-none-eabi/13.2.1/thumb/v6-m/nofp\libg.a(libc_a-callocr.o) (__errno)
D:/Archivos de Programa/Arm GNU Toolchain arm-none-eabi/13.2 Rel1/bin/../lib/gcc/arm-none-eabi/13.2.1/thumb/v6-m/nofp\libg.a(libc_a-init.o)
                              D:/Archivos de Programa/Arm GNU Toolchain arm-none-eabi/13.2 Rel1/bin/../lib/gcc/arm-none-eabi/13.2.1/thumb/v6-m/nofp/crt0.o (__libc_init_array)
D:/Archivos de Programa/Arm GNU Toolchain arm-none-eabi/13.2 Rel1/bin/../lib/gcc/arm-none-eabi/13.2.1/thumb/v6-m/nofp\libg.a(libc_a-lock.o)
                              D:/Archivos de Programa/Arm GNU Toolchain arm-none-eabi/13.2 Rel1/bin/../lib/gcc/arm-none-eabi/13.2.1/thumb/v6-m/nofp\libg.a(libc_a-mlock.o) (__retarget_lock_acquire_recursive)
D:/Archivos de Programa/Arm GNU Toolchain arm-none-eabi/13.2 Rel1/bin/../lib/gcc/arm-none-eabi/13.2.1/thumb/v6-m/nofp\libg.a(libc_a-sysconf.o)
                              D:/Archivos de Programa/Arm GNU Toolchain arm-none-eabi/13.2 Rel1/bin/../lib/gcc/arm-none-eabi/13.2.1/thumb/v6-m/nofp\libg.a(libc_a-mallocr.o) (sysconf)
[...]
Memory Configuration

Name             Origin             Length             Attributes
FLASH            0x10000000         0x00200000         xr
RAM              0x20000000         0x00040000         xrw
SCRATCH_X        0x20040000         0x00001000         xrw
SCRATCH_Y        0x20041000         0x00001000         xrw
*default*        0x00000000         0xffffffff

Linker script and memory map

LOAD D:/Archivos de Programa/Arm GNU Toolchain arm-none-eabi/13.2 Rel1/bin/../lib/gcc/arm-none-eabi/13.2.1/thumb/v6-m/nofp/crti.o
LOAD D:/Archivos de Programa/Arm GNU Toolchain arm-none-eabi/13.2 Rel1/bin/../lib/gcc/arm-none-eabi/13.2.1/thumb/v6-m/nofp/crtbegin.o
LOAD D:/Archivos de Programa/Arm GNU Toolchain arm-none-eabi/13.2 Rel1/bin/../lib/gcc/arm-none-eabi/13.2.1/thumb/v6-m/nofp/crt0.o

.flash_begin    0x10000000        0x0
                0x10000000                        __flash_binary_start = .

.boot2          0x10000000      0x100
                0x10000000                        __boot2_start__ = .
 *(.boot2)
 .boot2         0x10000000      0x100 C:\Users\USUARIO\AppData\Local\Temp\cctYvqsi.o
                0x10000100                        __boot2_end__ = .
                0x00000001                        ASSERT (((__boot2_end__ - __boot2_start__) == 0x100), ERROR: Pico second stage bootloader must be 256 bytes in size)

.text           0x10000100     0x5208
                0x10000100                        __logical_binary_start = .
 *(.vectors)
 .vectors       0x10000100       0xd4 CMakeFiles/main.dir/C_/Users/USUARIO/OneDrive/Documentos/pico-sdk-master/src/rp2_common/pico_standard_link/crt0.S.obj
                0x10000100                __VECTOR_TABLE
                0x10000100                __vectors
                0x100001c0                isr_invalid
                0x100001c0                __default_isrs_start
                0x100001c2                isr_nmi
                0x100001c4                isr_hardfault
                0x100001c6                isr_svcall
                0x100001c8                isr_pendsv
                0x100001ca                isr_systick
                0x100001cc                isr_irq23
                0x100001cc                isr_irq18
                0x100001cc                isr_irq11
                0x100001cc                isr_irq28
                0x100001cc                isr_irq19
                0x100001cc                isr_irq0
                0x100001cc                isr_irq6
                0x100001cc                isr_irq5
                0x100001cc                isr_irq12
                0x100001cc                isr_irq22
                0x100001cc                isr_irq31
                0x100001cc                isr_irq17
                0x100001cc                isr_irq27
                0x100001cc                isr_irq30
                0x100001cc                isr_irq2
                0x100001cc                isr_irq10
                0x100001cc                isr_irq8
                0x100001cc                isr_irq24
                0x100001cc                isr_irq1
                0x100001cc                isr_irq7
                0x100001cc                isr_irq21
                0x100001cc                isr_irq20
                0x100001cc                isr_irq15
                0x100001cc                isr_irq25
                0x100001cc                isr_irq13
                0x100001cc                __unhandled_user_irq
                0x100001cc                isr_irq4
                0x100001cc                isr_irq16
                0x100001cc                isr_irq29
                0x100001cc                isr_irq26
                0x100001cc                __default_isrs_end
                0x100001cc                isr_irq3
                0x100001cc                isr_irq14
                0x100001cc                isr_irq9
                0x100001d2                unhandled_user_irq_num_in_r0
 *(.binary_info_header)
 .binary_info_header
                0x100001d4       0x14 CMakeFiles/main.dir/C_/Users/USUARIO/OneDrive/Documentos/pico-sdk-master/src/rp2_common/pico_standard_link/crt0.S.obj
                0x100001e8                        __binary_info_header_end = .
 *(.reset)
 .reset         0x100001e8       0xa0 CMakeFiles/main.dir/C_/Users/USUARIO/OneDrive/Documentos/pico-sdk-master/src/rp2_common/pico_standard_link/crt0.S.obj
                0x100001e8                _entry_point
 .reset         0x10000288       0x30 CMakeFiles/main.dir/C_/Users/USUARIO/OneDrive/Documentos/pico-sdk-master/src/rp2_common/pico_standard_link/binary_info.c.obj
 *(.init)
 .init          0x100002b8        0x4 D:/Archivos de Programa/Arm GNU Toolchain arm-none-eabi/13.2 Rel1/bin/../lib/gcc/arm-none-eabi/13.2.1/thumb/v6-m/nofp/crti.o
                0x100002b8                _init
 *(EXCLUDE_FILE(*libm.a: *libc.a:*lib_a-mem*.o *libgcc.a:) .text*)
 .text.register_tm_clones
                0x100002bc       0x28 D:/Archivos de Programa/Arm GNU Toolchain arm-none-eabi/13.2 Rel1/bin/../lib/gcc/arm-none-eabi/13.2.1/thumb/v6-m/nofp/crtbegin.o
 .text.frame_dummy
                0x100002e4       0x24 D:/Archivos de Programa/Arm GNU Toolchain arm-none-eabi/13.2 Rel1/bin/../lib/gcc/arm-none-eabi/13.2.1/thumb/v6-m/nofp/crtbegin.o
 .text.uart_getc
                0x10000308       0x24 CMakeFiles/main.dir/main.c.obj
 .text.run_task
                0x1000032c       0x24 CMakeFiles/main.dir/main.c.obj
 .text.main     0x10000350       0x44 CMakeFiles/main.dir/main.c.obj
                0x10000350                main
 .text.run_test
                0x10000394       0x4c CMakeFiles/main.dir/tests/tests.c.obj
                0x10000394                run_test
 .text.pass     0x100003e0       0x18 CMakeFiles/main.dir/tests/tests.c.obj
                0x100003e0                pass
 .text.timer_callback
                0x100003f8       0x24 CMakeFiles/main.dir/devices/timer.c.obj
                0x100003f8                timer_callback
 .text.add_repeating_timer_ms
                0x1000041c       0x3c CMakeFiles/main.dir/devices/timer.c.obj
 .text.timer_init
                0x10000458       0x28 CMakeFiles/main.dir/devices/timer.c.obj
                0x10000458                timer_init
 .text.timer_sleep
                0x10000480       0x18 CMakeFiles/main.dir/devices/timer.c.obj
                0x10000480                timer_sleep
 .text.lista_ready_threads
                0x10000498       0x5c CMakeFiles/main.dir/threads/thread.c.obj
                0x10000498                lista_ready_threads
 .text.thread_current
                0x100004f4        0xc CMakeFiles/main.dir/threads/thread.c.obj
                0x100004f4                thread_current
 .text.thread_init
                0x10000500       0x28 CMakeFiles/main.dir/threads/thread.c.obj
                0x10000500                thread_init
 .text.thread_unblock
                0x10000528       0x18 CMakeFiles/main.dir/threads/thread.c.obj
                0x10000528                thread_unblock
 .text.schedule
                0x10000540       0x58 CMakeFiles/main.dir/threads/thread.c.obj
                0x10000540                schedule
 .text.thread_yield
                0x10000598       0x14 CMakeFiles/main.dir/threads/thread.c.obj
                0x10000598                thread_yield
 .text.thread_create
                0x100005ac       0x48 CMakeFiles/main.dir/threads/thread.c.obj
                0x100005ac                thread_create
 .text.thread_block
                0x100005f4       0x10 CMakeFiles/main.dir/threads/thread.c.obj
                0x100005f4                thread_block
 .text.thread_foreach
                0x10000604       0x30 CMakeFiles/main.dir/threads/thread.c.obj
                0x10000604                thread_foreach
 .text.thread_check_blocked
                0x10000634       0x2c CMakeFiles/main.dir/threads/thread.c.obj
                0x10000634                thread_check_blocked
 .text.thread_tick
                0x10000660       0x20 CMakeFiles/main.dir/threads/thread.c.obj
                0x10000660                thread_tick
 .text.thread_join
                0x10000680       0x18 CMakeFiles/main.dir/threads/thread.c.obj
                0x10000680                thread_join
 .text.test_alarm_negative
                0x10000698       0x10 CMakeFiles/main.dir/tests/alarm-negative.c.obj
                0x10000698                test_alarm_negative
 .text.test_alarm_zero
                0x100006a8        0xe CMakeFiles/main.dir/tests/alarm-zero.c.obj
                0x100006a8                test_alarm_zero
 *fill*         0x100006b6        0x2 
 .text.imprimir
                0x100006b8       0x10 CMakeFiles/main.dir/tests/one-thread.c.obj
                0x100006b8                imprimir
 .text.test_one_thread
                0x100006c8       0x18 CMakeFiles/main.dir/tests/one-thread.c.obj
                0x100006c8                test_one_thread
 .text.imprimir_multiple
                0x100006e0       0x10 CMakeFiles/main.dir/tests/multi-thread.c.obj
                0x100006e0                imprimir_multiple
 .text.test_multi_thread
                0x100006f0       0x2c CMakeFiles/main.dir/tests/multi-thread.c.obj
                0x100006f0                test_multi_thread
 .text.list_init
                0x1000071c       0x10 CMakeFiles/main.dir/list.c.obj
                0x1000071c                list_init
 .text.list_empty
                0x1000072c        0xe CMakeFiles/main.dir/list.c.obj
                0x1000072c                list_empty
 .text.list_push_back
                0x1000073a       0x10 CMakeFiles/main.dir/list.c.obj
                0x1000073a                list_push_back
 .text.list_push_front
                0x1000074a        0xc CMakeFiles/main.dir/list.c.obj
                0x1000074a                list_push_front
 .text.list_remove
                0x10000756        0xc CMakeFiles/main.dir/list.c.obj
                0x10000756                list_remove
 .text.list_begin
                0x10000762       0x14 CMakeFiles/main.dir/list.c.obj
                0x10000762                list_begin
 .text.list_end
                0x10000776       0x14 CMakeFiles/main.dir/list.c.obj
                0x10000776                list_end
 .text.list_next
                0x1000078a        0x4 CMakeFiles/main.dir/list.c.obj
                0x1000078a                list_next
 *fill*         0x1000078e        0x2 
 .text.gpio_set_function
                0x10000790       0x30 CMakeFiles/main.dir/C_/Users/USUARIO/OneDrive/Documentos/pico-sdk-master/src/rp2_common/hardware_gpio/gpio.c.obj
                0x10000790                gpio_set_function
 .text.running_on_fpga
                0x100007c0       0x14 CMakeFiles/main.dir/C_/Users/USUARIO/OneDrive/Documentos/pico-sdk-master/src/rp2_common/pico_platform/platform.c.obj
                0x100007c0                running_on_fpga
 .text.hw_claim_lock
                0x100007d4       0x18 CMakeFiles/main.dir/C_/Users/USUARIO/OneDrive/Documentos/pico-sdk-master/src/rp2_common/hardware_claim/claim.c.obj
                0x100007d4                hw_claim_lock
 .text.hw_claim_unlock
                0x100007ec       0x14 CMakeFiles/main.dir/C_/Users/USUARIO/OneDrive/Documentos/pico-sdk-master/src/rp2_common/hardware_claim/claim.c.obj
                0x100007ec                hw_claim_unlock
 .text.hw_claim_or_assert
                0x10000800       0x32 CMakeFiles/main.dir/C_/Users/USUARIO/OneDrive/Documentos/pico-sdk-master/src/rp2_common/hardware_claim/claim.c.obj
                0x10000800                hw_claim_or_assert
 *fill*         0x10000832        0x2 
 .text.spin_locks_reset
                0x10000834       0x20 CMakeFiles/main.dir/C_/Users/USUARIO/OneDrive/Documentos/pico-sdk-master/src/rp2_common/hardware_sync/sync.c.obj
                0x10000834                spin_locks_reset
 .text.next_striped_spin_lock_num
                0x10000854       0x1c CMakeFiles/main.dir/C_/Users/USUARIO/OneDrive/Documentos/pico-sdk-master/src/rp2_common/hardware_sync/sync.c.obj
                0x10000854                next_striped_spin_lock_num
 .text.set_raw_irq_handler_and_unlock
                0x10000870       0x28 CMakeFiles/main.dir/C_/Users/USUARIO/OneDrive/Documentos/pico-sdk-master/src/rp2_common/hardware_irq/irq.c.obj
 .text.resolve_branch
                0x10000898       0x30 CMakeFiles/main.dir/C_/Users/USUARIO/OneDrive/Documentos/pico-sdk-master/src/rp2_common/hardware_irq/irq.c.obj
 .text.make_branch
                0x100008c8       0x48 CMakeFiles/main.dir/C_/Users/USUARIO/OneDrive/Documentos/pico-sdk-master/src/rp2_common/hardware_irq/irq.c.obj
 .text.insert_branch_and_link
                0x10000910       0x40 CMakeFiles/main.dir/C_/Users/USUARIO/OneDrive/Documentos/pico-sdk-master/src/rp2_common/hardware_irq/irq.c.obj
 .text.irq_is_enabled
                0x10000950       0x18 CMakeFiles/main.dir/C_/Users/USUARIO/OneDrive/Documentos/pico-sdk-master/src/rp2_common/hardware_irq/irq.c.obj
                0x10000950                irq_is_enabled
 .text.irq_set_mask_enabled
                0x10000968       0x20 CMakeFiles/main.dir/C_/Users/USUARIO/OneDrive/Documentos/pico-sdk-master/src/rp2_common/hardware_irq/irq.c.obj
                0x10000968                irq_set_mask_enabled
 .text.irq_set_enabled
                0x10000988        0xe CMakeFiles/main.dir/C_/Users/USUARIO/OneDrive/Documentos/pico-sdk-master/src/rp2_common/hardware_irq/irq.c.obj
                0x10000988                irq_set_enabled
 *fill*         0x10000996        0x2 
 .text.irq_get_vtable_handler
                0x10000998       0x10 CMakeFiles/main.dir/C_/Users/USUARIO/OneDrive/Documentos/pico-sdk-master/src/rp2_common/hardware_irq/irq.c.obj
                0x10000998                irq_get_vtable_handler
 .text.irq_set_exclusive_handler
                0x100009a8       0x54 CMakeFiles/main.dir/C_/Users/USUARIO/OneDrive/Documentos/pico-sdk-master/src/rp2_common/hardware_irq/irq.c.obj
                0x100009a8                irq_set_exclusive_handler
 .text.irq_remove_handler
                0x100009fc      0x188 CMakeFiles/main.dir/C_/Users/USUARIO/OneDrive/Documentos/pico-sdk-master/src/rp2_common/hardware_irq/irq.c.obj
                0x100009fc                irq_remove_handler
 .text.irq_add_tail_to_free_list
                0x10000b84       0xf0 CMakeFiles/main.dir/C_/Users/USUARIO/OneDrive/Documentos/pico-sdk-master/src/rp2_common/hardware_irq/irq.c.obj
                0x10000b84                irq_add_tail_to_free_list
 .text.irq_init_priorities
                0x10000c74       0x1c CMakeFiles/main.dir/C_/Users/USUARIO/OneDrive/Documentos/pico-sdk-master/src/rp2_common/hardware_irq/irq.c.obj
                0x10000c74                irq_init_priorities
 .text.lock_init
                0x10000c90       0x10 CMakeFiles/main.dir/C_/Users/USUARIO/OneDrive/Documentos/pico-sdk-master/src/common/pico_sync/lock_core.c.obj
                0x10000c90                lock_init
 .text.mutex_init
                0x10000ca0       0x1a CMakeFiles/main.dir/C_/Users/USUARIO/OneDrive/Documentos/pico-sdk-master/src/common/pico_sync/mutex.c.obj
                0x10000ca0                mutex_init
 .text.recursive_mutex_init
                0x10000cba       0x1e CMakeFiles/main.dir/C_/Users/USUARIO/OneDrive/Documentos/pico-sdk-master/src/common/pico_sync/mutex.c.obj
                0x10000cba                recursive_mutex_init
 .text.time_reached
                0x10000cd8       0x28 CMakeFiles/main.dir/C_/Users/USUARIO/OneDrive/Documentos/pico-sdk-master/src/common/pico_time/time.c.obj
 .text.get_entry
                0x10000d00       0x38 CMakeFiles/main.dir/C_/Users/USUARIO/OneDrive/Documentos/pico-sdk-master/src/common/pico_time/time.c.obj
 .text.timer_pool_entry_comparator
                0x10000d38       0x2e CMakeFiles/main.dir/C_/Users/USUARIO/OneDrive/Documentos/pico-sdk-master/src/common/pico_time/time.c.obj
                0x10000d38                timer_pool_entry_comparator
 *fill*         0x10000d66        0x2 
 .text.update_us_since_boot
                0x10000d68       0x24 CMakeFiles/main.dir/C_/Users/USUARIO/OneDrive/Documentos/pico-sdk-master/src/common/pico_time/time.c.obj
 .text.delayed_by_us
                0x10000d8c       0x34 CMakeFiles/main.dir/C_/Users/USUARIO/OneDrive/Documentos/pico-sdk-master/src/common/pico_time/time.c.obj
 .text.ph_get_node
                0x10000dc0       0x30 CMakeFiles/main.dir/C_/Users/USUARIO/OneDrive/Documentos/pico-sdk-master/src/common/pico_time/time.c.obj
 .text.ph_contains_node
                0x10000df0       0x1e CMakeFiles/main.dir/C_/Users/USUARIO/OneDrive/Documentos/pico-sdk-master/src/common/pico_time/time.c.obj
 .text.ph_new_node
                0x10000e0e       0x28 CMakeFiles/main.dir/C_/Users/USUARIO/OneDrive/Documentos/pico-sdk-master/src/common/pico_time/time.c.obj
 *fill*         0x10000e36        0x2 
 .text.ph_add_child_node
                0x10000e38       0x6c CMakeFiles/main.dir/C_/Users/USUARIO/OneDrive/Documentos/pico-sdk-master/src/common/pico_time/time.c.obj
 .text.ph_merge_nodes
                0x10000ea4       0x3e CMakeFiles/main.dir/C_/Users/USUARIO/OneDrive/Documentos/pico-sdk-master/src/common/pico_time/time.c.obj
 *fill*         0x10000ee2        0x2 
 .text.ph_insert_node
                0x10000ee4       0x3c CMakeFiles/main.dir/C_/Users/USUARIO/OneDrive/Documentos/pico-sdk-master/src/common/pico_time/time.c.obj
 .text.ph_free_node
                0x10000f20       0x5c CMakeFiles/main.dir/C_/Users/USUARIO/OneDrive/Documentos/pico-sdk-master/src/common/pico_time/time.c.obj
 .text.get_entry_id_high
                0x10000f7c       0x30 CMakeFiles/main.dir/C_/Users/USUARIO/OneDrive/Documentos/pico-sdk-master/src/common/pico_time/time.c.obj
 .text.repeating_timer_callback
                0x10000fac       0x40 CMakeFiles/main.dir/C_/Users/USUARIO/OneDrive/Documentos/pico-sdk-master/src/common/pico_time/time.c.obj
 .text.alarm_pool_post_alloc_init
                0x10000fec       0x40 CMakeFiles/main.dir/C_/Users/USUARIO/OneDrive/Documentos/pico-sdk-master/src/common/pico_time/time.c.obj
 .text.sleep_until_callback
                0x1000102c       0x30 CMakeFiles/main.dir/C_/Users/USUARIO/OneDrive/Documentos/pico-sdk-master/src/common/pico_time/time.c.obj
 .text.get_absolute_time
                0x1000105c       0x22 CMakeFiles/main.dir/C_/Users/USUARIO/OneDrive/Documentos/pico-sdk-master/src/common/pico_time/time.c.obj
 .text.make_timeout_time_us
                0x1000107e       0x24 CMakeFiles/main.dir/C_/Users/USUARIO/OneDrive/Documentos/pico-sdk-master/src/common/pico_time/time.c.obj
 *fill*         0x100010a2        0x2 
 .text.add_alarm_under_lock
                0x100010a4       0x94 CMakeFiles/main.dir/C_/Users/USUARIO/OneDrive/Documentos/pico-sdk-master/src/common/pico_time/time.c.obj
 .text.alarm_pool_alarm_callback
                0x10001138      0x210 CMakeFiles/main.dir/C_/Users/USUARIO/OneDrive/Documentos/pico-sdk-master/src/common/pico_time/time.c.obj
 .text.alarm_pool_init_default
                0x10001348       0x40 CMakeFiles/main.dir/C_/Users/USUARIO/OneDrive/Documentos/pico-sdk-master/src/common/pico_time/time.c.obj
                0x10001348                alarm_pool_init_default
 .text.alarm_pool_get_default
                0x10001388       0x2c CMakeFiles/main.dir/C_/Users/USUARIO/OneDrive/Documentos/pico-sdk-master/src/common/pico_time/time.c.obj
                0x10001388                alarm_pool_get_default
 .text.alarm_pool_add_alarm_at
                0x100013b4      0x10e CMakeFiles/main.dir/C_/Users/USUARIO/OneDrive/Documentos/pico-sdk-master/src/common/pico_time/time.c.obj
                0x100013b4                alarm_pool_add_alarm_at
 .text.add_alarm_at
                0x100014c2       0x2e CMakeFiles/main.dir/C_/Users/USUARIO/OneDrive/Documentos/pico-sdk-master/src/common/pico_time/time.c.obj
 .text.alarm_pool_cancel_alarm
                0x100014f0       0xa8 CMakeFiles/main.dir/C_/Users/USUARIO/OneDrive/Documentos/pico-sdk-master/src/common/pico_time/time.c.obj
                0x100014f0                alarm_pool_cancel_alarm
 .text.cancel_alarm
                0x10001598       0x10 CMakeFiles/main.dir/C_/Users/USUARIO/OneDrive/Documentos/pico-sdk-master/src/common/pico_time/time.c.obj
 .text.alarm_pool_add_repeating_timer_us
                0x100015a8       0x5c CMakeFiles/main.dir/C_/Users/USUARIO/OneDrive/Documentos/pico-sdk-master/src/common/pico_time/time.c.obj
                0x100015a8                alarm_pool_add_repeating_timer_us
 .text.best_effort_wfe_or_timeout
                0x10001604       0x44 CMakeFiles/main.dir/C_/Users/USUARIO/OneDrive/Documentos/pico-sdk-master/src/common/pico_time/time.c.obj
                0x10001604                best_effort_wfe_or_timeout
 .text.update_us_since_boot
                0x10001648       0x24 CMakeFiles/main.dir/C_/Users/USUARIO/OneDrive/Documentos/pico-sdk-master/src/rp2_common/hardware_timer/timer.c.obj
 .text.hardware_alarm_irq_handler
                0x1000166c       0x8c CMakeFiles/main.dir/C_/Users/USUARIO/OneDrive/Documentos/pico-sdk-master/src/rp2_common/hardware_timer/timer.c.obj
 .text.hardware_alarm_claim
                0x100016f8       0x18 CMakeFiles/main.dir/C_/Users/USUARIO/OneDrive/Documentos/pico-sdk-master/src/rp2_common/hardware_timer/timer.c.obj
                0x100016f8                hardware_alarm_claim
 .text.time_us_64
                0x10001710       0x18 CMakeFiles/main.dir/C_/Users/USUARIO/OneDrive/Documentos/pico-sdk-master/src/rp2_common/hardware_timer/timer.c.obj
                0x10001710                time_us_64
 .text.busy_wait_until
                0x10001728       0x28 CMakeFiles/main.dir/C_/Users/USUARIO/OneDrive/Documentos/pico-sdk-master/src/rp2_common/hardware_timer/timer.c.obj
                0x10001728                busy_wait_until
 .text.busy_wait_us
                0x10001750       0x3a CMakeFiles/main.dir/C_/Users/USUARIO/OneDrive/Documentos/pico-sdk-master/src/rp2_common/hardware_timer/timer.c.obj
                0x10001750                busy_wait_us
 *fill*         0x1000178a        0x2 
 .text.hardware_alarm_set_callback
                0x1000178c       0x90 CMakeFiles/main.dir/C_/Users/USUARIO/OneDrive/Documentos/pico-sdk-master/src/rp2_common/hardware_timer/timer.c.obj
                0x1000178c                hardware_alarm_set_callback
 .text.hardware_alarm_set_target
                0x1000181c       0xe8 CMakeFiles/main.dir/C_/Users/USUARIO/OneDrive/Documentos/pico-sdk-master/src/rp2_common/hardware_timer/timer.c.obj
                0x1000181c                hardware_alarm_set_target
 .text.hardware_alarm_cancel
                0x10001904       0x40 CMakeFiles/main.dir/C_/Users/USUARIO/OneDrive/Documentos/pico-sdk-master/src/rp2_common/hardware_timer/timer.c.obj
                0x10001904                hardware_alarm_cancel
 .text.ph_get_node
                0x10001944       0x30 CMakeFiles/main.dir/C_/Users/USUARIO/OneDrive/Documentos/pico-sdk-master/src/common/pico_util/pheap.c.obj
 .text.ph_add_child_node
                0x10001974       0x6c CMakeFiles/main.dir/C_/Users/USUARIO/OneDrive/Documentos/pico-sdk-master/src/common/pico_util/pheap.c.obj
 .text.ph_merge_nodes
                0x100019e0       0x3e CMakeFiles/main.dir/C_/Users/USUARIO/OneDrive/Documentos/pico-sdk-master/src/common/pico_util/pheap.c.obj
 .text.ph_clear
                0x10001a1e       0x34 CMakeFiles/main.dir/C_/Users/USUARIO/OneDrive/Documentos/pico-sdk-master/src/common/pico_util/pheap.c.obj
                0x10001a1e                ph_clear
 .text.ph_post_alloc_init
                0x10001a52        0xe CMakeFiles/main.dir/C_/Users/USUARIO/OneDrive/Documentos/pico-sdk-master/src/common/pico_util/pheap.c.obj
                0x10001a52                ph_post_alloc_init
 .text.ph_merge_two_pass
                0x10001a60       0x5c CMakeFiles/main.dir/C_/Users/USUARIO/OneDrive/Documentos/pico-sdk-master/src/common/pico_util/pheap.c.obj
                0x10001a60                ph_merge_two_pass
 .text.ph_remove_any_head
                0x10001abc       0xc0 CMakeFiles/main.dir/C_/Users/USUARIO/OneDrive/Documentos/pico-sdk-master/src/common/pico_util/pheap.c.obj
 .text.ph_remove_head
                0x10001b7c       0x14 CMakeFiles/main.dir/C_/Users/USUARIO/OneDrive/Documentos/pico-sdk-master/src/common/pico_util/pheap.c.obj
                0x10001b7c                ph_remove_head
 .text.ph_remove_and_free_node
                0x10001b90       0xa0 CMakeFiles/main.dir/C_/Users/USUARIO/OneDrive/Documentos/pico-sdk-master/src/common/pico_util/pheap.c.obj
                0x10001b90                ph_remove_and_free_node
 .text.uart_disable_before_lcr_write
                0x10001c30       0x48 CMakeFiles/main.dir/C_/Users/USUARIO/OneDrive/Documentos/pico-sdk-master/src/rp2_common/hardware_uart/uart.c.obj
 .text.uart_write_lcr_bits_masked
                0x10001c78       0x22 CMakeFiles/main.dir/C_/Users/USUARIO/OneDrive/Documentos/pico-sdk-master/src/rp2_common/hardware_uart/uart.c.obj
 *fill*         0x10001c9a        0x2 
 .text.uart_set_baudrate
                0x10001c9c       0x5c CMakeFiles/main.dir/C_/Users/USUARIO/OneDrive/Documentos/pico-sdk-master/src/rp2_common/hardware_uart/uart.c.obj
                0x10001c9c                uart_set_baudrate
 .text.uart_set_format
                0x10001cf8       0x2c CMakeFiles/main.dir/C_/Users/USUARIO/OneDrive/Documentos/pico-sdk-master/src/rp2_common/hardware_uart/uart.c.obj
                0x10001cf8                uart_set_format
 .text.uart_set_translate_crlf
                0x10001d24       0x28 CMakeFiles/main.dir/C_/Users/USUARIO/OneDrive/Documentos/pico-sdk-master/src/rp2_common/hardware_uart/uart.c.obj
                0x10001d24                uart_set_translate_crlf
 .text.uart_init
                0x10001d4c       0x80 CMakeFiles/main.dir/C_/Users/USUARIO/OneDrive/Documentos/pico-sdk-master/src/rp2_common/hardware_uart/uart.c.obj
                0x10001d4c                uart_init
 .text.clock_configure
                0x10001dcc      0x108 CMakeFiles/main.dir/C_/Users/USUARIO/OneDrive/Documentos/pico-sdk-master/src/rp2_common/hardware_clocks/clocks.c.obj
                0x10001dcc                clock_configure
 .text.clocks_init
                0x10001ed4      0x100 CMakeFiles/main.dir/C_/Users/USUARIO/OneDrive/Documentos/pico-sdk-master/src/rp2_common/hardware_clocks/clocks.c.obj
                0x10001ed4                clocks_init
 .text.clock_get_hz
                0x10001fd4        0xc CMakeFiles/main.dir/C_/Users/USUARIO/OneDrive/Documentos/pico-sdk-master/src/rp2_common/hardware_clocks/clocks.c.obj
                0x10001fd4                clock_get_hz
 .text.pll_init
                0x10001fe0      0x120 CMakeFiles/main.dir/C_/Users/USUARIO/OneDrive/Documentos/pico-sdk-master/src/rp2_common/hardware_pll/pll.c.obj
                0x10001fe0                pll_init
 .text.watchdog_start_tick
                0x10002100       0x10 CMakeFiles/main.dir/C_/Users/USUARIO/OneDrive/Documentos/pico-sdk-master/src/rp2_common/hardware_watchdog/watchdog.c.obj
                0x10002100                watchdog_start_tick
 .text.xosc_init
                0x10002110       0x28 CMakeFiles/main.dir/C_/Users/USUARIO/OneDrive/Documentos/pico-sdk-master/src/rp2_common/hardware_xosc/xosc.c.obj
                0x10002110                xosc_init
 .text._exit    0x10002138        0x4 CMakeFiles/main.dir/C_/Users/USUARIO/OneDrive/Documentos/pico-sdk-master/src/rp2_common/pico_runtime/runtime.c.obj
                0x10002138                _exit
 .text._sbrk    0x1000213c       0x38 CMakeFiles/main.dir/C_/Users/USUARIO/OneDrive/Documentos/pico-sdk-master/src/rp2_common/pico_runtime/runtime.c.obj
                0x1000213c                _sbrk
 .text.exit     0x10002174        0x6 CMakeFiles/main.dir/C_/Users/USUARIO/OneDrive/Documentos/pico-sdk-master/src/rp2_common/pico_runtime/runtime.c.obj
                0x10002174                exit
 *fill*         0x1000217a        0x2 
 .text.__assert_func
                0x1000217c       0x38 CMakeFiles/main.dir/C_/Users/USUARIO/OneDrive/Documentos/pico-sdk-master/src/rp2_common/pico_runtime/runtime.c.obj
                0x1000217c                __assert_func
 .text.runtime_init
                0x100021b4       0xf8 CMakeFiles/main.dir/C_/Users/USUARIO/OneDrive/Documentos/pico-sdk-master/src/rp2_common/pico_runtime/runtime.c.obj
                0x100021b4                runtime_init
 .text.panic    0x100022ac       0x30 CMakeFiles/main.dir/C_/Users/USUARIO/OneDrive/Documentos/pico-sdk-master/src/rp2_common/pico_runtime/runtime.c.obj
                0x100022ac                panic
 .text._out_null
                0x100022dc        0x2 CMakeFiles/main.dir/C_/Users/USUARIO/OneDrive/Documentos/pico-sdk-master/src/rp2_common/pico_printf/printf.c.obj
 .text._out_fct
                0x100022de        0xe CMakeFiles/main.dir/C_/Users/USUARIO/OneDrive/Documentos/pico-sdk-master/src/rp2_common/pico_printf/printf.c.obj
 .text._atoi    0x100022ec       0x24 CMakeFiles/main.dir/C_/Users/USUARIO/OneDrive/Documentos/pico-sdk-master/src/rp2_common/pico_printf/printf.c.obj
 .text._out_rev
                0x10002310       0xae CMakeFiles/main.dir/C_/Users/USUARIO/OneDrive/Documentos/pico-sdk-master/src/rp2_common/pico_printf/printf.c.obj
 .text._ntoa_format
                0x100023be      0x110 CMakeFiles/main.dir/C_/Users/USUARIO/OneDrive/Documentos/pico-sdk-master/src/rp2_common/pico_printf/printf.c.obj
 .text._ntoa_long
                0x100024ce       0xbc CMakeFiles/main.dir/C_/Users/USUARIO/OneDrive/Documentos/pico-sdk-master/src/rp2_common/pico_printf/printf.c.obj
 .text._ntoa_long_long
                0x1000258a      0x10e CMakeFiles/main.dir/C_/Users/USUARIO/OneDrive/Documentos/pico-sdk-master/src/rp2_common/pico_printf/printf.c.obj
 .text._etoa    0x10002698      0x420 CMakeFiles/main.dir/C_/Users/USUARIO/OneDrive/Documentos/pico-sdk-master/src/rp2_common/pico_printf/printf.c.obj
 .text._ftoa    0x10002ab8      0x354 CMakeFiles/main.dir/C_/Users/USUARIO/OneDrive/Documentos/pico-sdk-master/src/rp2_common/pico_printf/printf.c.obj
 .text._vsnprintf
                0x10002e0c      0x668 CMakeFiles/main.dir/C_/Users/USUARIO/OneDrive/Documentos/pico-sdk-master/src/rp2_common/pico_printf/printf.c.obj
 .text.vfctprintf
                0x10003474       0x20 CMakeFiles/main.dir/C_/Users/USUARIO/OneDrive/Documentos/pico-sdk-master/src/rp2_common/pico_printf/printf.c.obj
                0x10003474                vfctprintf
 .text          0x10003494       0x10 CMakeFiles/main.dir/C_/Users/USUARIO/OneDrive/Documentos/pico-sdk-master/src/rp2_common/pico_bit_ops/bit_ops_aeabi.S.obj
 .text.rom_func_lookup
                0x100034a4       0x10 CMakeFiles/main.dir/C_/Users/USUARIO/OneDrive/Documentos/pico-sdk-master/src/rp2_common/pico_bootrom/bootrom.c.obj
                0x100034a4                rom_func_lookup
 .text.rom_data_lookup
                0x100034b4       0x10 CMakeFiles/main.dir/C_/Users/USUARIO/OneDrive/Documentos/pico-sdk-master/src/rp2_common/pico_bootrom/bootrom.c.obj
                0x100034b4                rom_data_lookup
 .text.rom_funcs_lookup
                0x100034c4       0x36 CMakeFiles/main.dir/C_/Users/USUARIO/OneDrive/Documentos/pico-sdk-master/src/rp2_common/pico_bootrom/bootrom.c.obj
                0x100034c4                rom_funcs_lookup
 *fill*         0x100034fa        0x2 
 .text.__wrap___aeabi_idiv
                0x100034fc       0x50 CMakeFiles/main.dir/C_/Users/USUARIO/OneDrive/Documentos/pico-sdk-master/src/rp2_common/pico_divider/divider.S.obj
                0x100034fc                __wrap___aeabi_idivmod
                0x100034fc                divmod_s32s32
                0x100034fc                div_s32s32
                0x100034fc                __wrap___aeabi_idiv
                0x10003504                divmod_s32s32_unsafe
                0x10003530                divmod_s32s32_savestate
 .text.__wrap___aeabi_uidiv
                0x1000354c       0x4c CMakeFiles/main.dir/C_/Users/USUARIO/OneDrive/Documentos/pico-sdk-master/src/rp2_common/pico_divider/divider.S.obj
                0x1000354c                __wrap___aeabi_uidiv
                0x1000354c                __wrap___aeabi_uidivmod
                0x1000354c                div_u32u32
                0x1000354c                divmod_u32u32
                0x10003554                divmod_u32u32_unsafe
                0x1000357c                divmod_u32u32_savestate
 .text.__wrap___aeabi_ldiv
                0x10003598      0x424 CMakeFiles/main.dir/C_/Users/USUARIO/OneDrive/Documentos/pico-sdk-master/src/rp2_common/pico_divider/divider.S.obj
                0x10003598                div_s64s64
                0x10003598                divmod_s64s64
                0x10003598                __wrap___aeabi_ldivmod
                0x100035c8                divmod_u64u64
                0x100035c8                div_u64u64
                0x100035c8                __wrap___aeabi_uldivmod
                0x100035d8                divmod_u64u64_savestate
                0x100035f8                divmod_s64s64_unsafe
                0x10003680                divmod_u64u64_unsafe
 .text.__wrap___aeabi_darithmetic
                0x100039bc       0x80 CMakeFiles/main.dir/C_/Users/USUARIO/OneDrive/Documentos/pico-sdk-master/src/rp2_common/pico_double/double_aeabi.S.obj
                0x100039bc                __wrap___aeabi_drsub
                0x100039c2                __wrap___aeabi_dsub
                0x100039d4                __wrap___aeabi_dadd
                0x100039e6                __wrap___aeabi_ddiv
                0x10003a22                __wrap___aeabi_dmul
 .text.__wrap___aeabi_cdcmple
                0x10003a3c       0x6c CMakeFiles/main.dir/C_/Users/USUARIO/OneDrive/Documentos/pico-sdk-master/src/rp2_common/pico_double/double_aeabi.S.obj
                0x10003a3c                __wrap___aeabi_cdrcmple
                0x10003a4c                __wrap___aeabi_cdcmpeq
                0x10003a4c                __wrap___aeabi_cdcmple
 .text.__wrap___aeabi_dcmplt
                0x10003aa8        0xc CMakeFiles/main.dir/C_/Users/USUARIO/OneDrive/Documentos/pico-sdk-master/src/rp2_common/pico_double/double_aeabi.S.obj
                0x10003aa8                __wrap___aeabi_dcmplt
 .text.__wrap___aeabi_dcmple
                0x10003ab4       0x10 CMakeFiles/main.dir/C_/Users/USUARIO/OneDrive/Documentos/pico-sdk-master/src/rp2_common/pico_double/double_aeabi.S.obj
                0x10003ab4                __wrap___aeabi_dcmple
 .text.__wrap___aeabi_dcmpge
                0x10003ac4       0x10 CMakeFiles/main.dir/C_/Users/USUARIO/OneDrive/Documentos/pico-sdk-master/src/rp2_common/pico_double/double_aeabi.S.obj
                0x10003ac4                __wrap___aeabi_dcmpge
 .text.__wrap___aeabi_dcmpgt
                0x10003ad4        0xa CMakeFiles/main.dir/C_/Users/USUARIO/OneDrive/Documentos/pico-sdk-master/src/rp2_common/pico_double/double_aeabi.S.obj
                0x10003ad4                __wrap___aeabi_dcmpgt
 .text.__wrap___aeabi_dcmpun
                0x10003ade       0x1c CMakeFiles/main.dir/C_/Users/USUARIO/OneDrive/Documentos/pico-sdk-master/src/rp2_common/pico_double/double_aeabi.S.obj
                0x10003ade                __wrap___aeabi_dcmpun
 *fill*         0x10003afa        0x2 
 .text.__wrap___aeabi_i2d
                0x10003afc       0x38 CMakeFiles/main.dir/C_/Users/USUARIO/OneDrive/Documentos/pico-sdk-master/src/rp2_common/pico_double/double_aeabi.S.obj
                0x10003afc                __wrap___aeabi_ui2d
                0x10003b04                __wrap___aeabi_i2d
 .text.__wrap___aeabi_d2iz
                0x10003b34       0x48 CMakeFiles/main.dir/C_/Users/USUARIO/OneDrive/Documentos/pico-sdk-master/src/rp2_common/pico_double/double_aeabi.S.obj
                0x10003b34                double2int_z
                0x10003b34                __wrap___aeabi_d2iz
 .text.__wrap___aeabi_d2uiz
                0x10003b7c       0x18 CMakeFiles/main.dir/C_/Users/USUARIO/OneDrive/Documentos/pico-sdk-master/src/rp2_common/pico_double/double_aeabi.S.obj
                0x10003b7c                __wrap___aeabi_d2uiz
                0x10003b7c                double2uint
 .text.__aeabi_double_init
                0x10003b94       0xcc CMakeFiles/main.dir/C_/Users/USUARIO/OneDrive/Documentos/pico-sdk-master/src/rp2_common/pico_double/double_init_rom.c.obj
                0x10003b94                __aeabi_double_init
 .text.double_table_shim_on_use_helper
                0x10003c60       0x34 CMakeFiles/main.dir/C_/Users/USUARIO/OneDrive/Documentos/pico-sdk-master/src/rp2_common/pico_double/double_v1_rom_shim.S.obj
                0x10003c60                double_table_shim_on_use_helper
 .text.__wrap___aeabi_dsub
                0x10003c94       0x10 CMakeFiles/main.dir/C_/Users/USUARIO/OneDrive/Documentos/pico-sdk-master/src/rp2_common/pico_double/double_v1_rom_shim.S.obj
                0x10003c94                drsub_shim
                0x10003c9a                dsub_shim
 .text.dadd_shim
                0x10003ca4      0x15c CMakeFiles/main.dir/C_/Users/USUARIO/OneDrive/Documentos/pico-sdk-master/src/rp2_common/pico_double/double_v1_rom_shim.S.obj
                0x10003ca4                dadd_shim
 .text.dmul_shim
                0x10003e00      0x15c CMakeFiles/main.dir/C_/Users/USUARIO/OneDrive/Documentos/pico-sdk-master/src/rp2_common/pico_double/double_v1_rom_shim.S.obj
                0x10003e00                dmul_shim
 .text.ddiv_shim
                0x10003f5c      0x1b0 CMakeFiles/main.dir/C_/Users/USUARIO/OneDrive/Documentos/pico-sdk-master/src/rp2_common/pico_double/double_v1_rom_shim.S.obj
                0x10003f5c                ddiv_shim
 .text.double2uint_shim
                0x1000410c        0xe CMakeFiles/main.dir/C_/Users/USUARIO/OneDrive/Documentos/pico-sdk-master/src/rp2_common/pico_double/double_v1_rom_shim.S.obj
                0x1000410c                double2uint_shim
                0x1000410e                double2ufix_shim
 *fill*         0x1000411a        0x2 
 .text.double2uint64_shim
                0x1000411c       0x70 CMakeFiles/main.dir/C_/Users/USUARIO/OneDrive/Documentos/pico-sdk-master/src/rp2_common/pico_double/double_v1_rom_shim.S.obj
                0x1000411c                double2uint64_shim
                0x1000411e                double2ufix64_shim
                0x1000413e                d2fix_a
 .text.dunpacks
                0x1000418c       0x3c CMakeFiles/main.dir/C_/Users/USUARIO/OneDrive/Documentos/pico-sdk-master/src/rp2_common/pico_double/double_v1_rom_shim.S.obj
                0x1000418c                dunpacks
 .text.__aeabi_lmul
                0x100041c8       0x32 CMakeFiles/main.dir/C_/Users/USUARIO/OneDrive/Documentos/pico-sdk-master/src/rp2_common/pico_int64_ops/pico_int64_ops_aeabi.S.obj
                0x100041c8                __wrap___aeabi_lmul
 *fill*         0x100041fa        0x2 
 .text.__aeabi_float_init
                0x100041fc       0xfc CMakeFiles/main.dir/C_/Users/USUARIO/OneDrive/Documentos/pico-sdk-master/src/rp2_common/pico_float/float_init_rom.c.obj
                0x100041fc                __aeabi_float_init
 .text.float_table_shim_on_use_helper
                0x100042f8       0x34 CMakeFiles/main.dir/C_/Users/USUARIO/OneDrive/Documentos/pico-sdk-master/src/rp2_common/pico_float/float_v1_rom_shim.S.obj
                0x100042f8                float_table_shim_on_use_helper
 .text.check_alloc
                0x1000432c       0x20 CMakeFiles/main.dir/C_/Users/USUARIO/OneDrive/Documentos/pico-sdk-master/src/rp2_common/pico_malloc/pico_malloc.c.obj
 .text.__wrap_malloc
                0x1000434c       0x14 CMakeFiles/main.dir/C_/Users/USUARIO/OneDrive/Documentos/pico-sdk-master/src/rp2_common/pico_malloc/pico_malloc.c.obj
                0x1000434c                __wrap_malloc
 .text.__wrap_free
                0x10004360        0x8 CMakeFiles/main.dir/C_/Users/USUARIO/OneDrive/Documentos/pico-sdk-master/src/rp2_common/pico_malloc/pico_malloc.c.obj
                0x10004360                __wrap_free
 .text          0x10004368       0x10 CMakeFiles/main.dir/C_/Users/USUARIO/OneDrive/Documentos/pico-sdk-master/src/rp2_common/pico_mem_ops/mem_ops_aeabi.S.obj
                0x10004368                __aeabi_mem_init
 .text.memcpy   0x10004378        0xc CMakeFiles/main.dir/C_/Users/USUARIO/OneDrive/Documentos/pico-sdk-master/src/rp2_common/pico_mem_ops/mem_ops_aeabi.S.obj
                0x10004378                __wrap_memcpy
                0x10004378                __wrap___aeabi_memcpy
 .text.stdio_out_chars_no_crlf
                0x10004384        0xe CMakeFiles/main.dir/C_/Users/USUARIO/OneDrive/Documentos/pico-sdk-master/src/rp2_common/pico_stdio/stdio.c.obj
 *fill*         0x10004392        0x2 
 .text.stdio_out_chars_crlf
                0x10004394       0x80 CMakeFiles/main.dir/C_/Users/USUARIO/OneDrive/Documentos/pico-sdk-master/src/rp2_common/pico_stdio/stdio.c.obj
 .text.stdio_stack_buffer_flush
                0x10004414       0x44 CMakeFiles/main.dir/C_/Users/USUARIO/OneDrive/Documentos/pico-sdk-master/src/rp2_common/pico_stdio/stdio.c.obj
 .text.stdio_buffered_printer
                0x10004458       0x20 CMakeFiles/main.dir/C_/Users/USUARIO/OneDrive/Documentos/pico-sdk-master/src/rp2_common/pico_stdio/stdio.c.obj
 .text.update_us_since_boot
                0x10004478       0x24 CMakeFiles/main.dir/C_/Users/USUARIO/OneDrive/Documentos/pico-sdk-master/src/rp2_common/pico_stdio/stdio.c.obj
 .text.get_absolute_time
                0x1000449c       0x22 CMakeFiles/main.dir/C_/Users/USUARIO/OneDrive/Documentos/pico-sdk-master/src/rp2_common/pico_stdio/stdio.c.obj
 *fill*         0x100044be        0x2 
 .text.delayed_by_ms
                0x100044c0       0x44 CMakeFiles/main.dir/C_/Users/USUARIO/OneDrive/Documentos/pico-sdk-master/src/rp2_common/pico_stdio/stdio.c.obj
 .text.make_timeout_time_ms
                0x10004504       0x20 CMakeFiles/main.dir/C_/Users/USUARIO/OneDrive/Documentos/pico-sdk-master/src/rp2_common/pico_stdio/stdio.c.obj
 .text.stdout_serialize_begin
                0x10004524       0x20 CMakeFiles/main.dir/C_/Users/USUARIO/OneDrive/Documentos/pico-sdk-master/src/rp2_common/pico_stdio/stdio.c.obj
                0x10004524                stdout_serialize_begin
 .text.stdout_serialize_end
                0x10004544       0x10 CMakeFiles/main.dir/C_/Users/USUARIO/OneDrive/Documentos/pico-sdk-master/src/rp2_common/pico_stdio/stdio.c.obj
                0x10004544                stdout_serialize_end
 .text.stdio_put_string
                0x10004554       0x98 CMakeFiles/main.dir/C_/Users/USUARIO/OneDrive/Documentos/pico-sdk-master/src/rp2_common/pico_stdio/stdio.c.obj
 .text.__wrap_putchar
                0x100045ec       0x1c CMakeFiles/main.dir/C_/Users/USUARIO/OneDrive/Documentos/pico-sdk-master/src/rp2_common/pico_stdio/stdio.c.obj
                0x100045ec                __wrap_putchar
 .text.stdio_set_driver_enabled
                0x10004608       0x2c CMakeFiles/main.dir/C_/Users/USUARIO/OneDrive/Documentos/pico-sdk-master/src/rp2_common/pico_stdio/stdio.c.obj
                0x10004608                stdio_set_driver_enabled
 .text.stdio_flush
                0x10004634       0x20 CMakeFiles/main.dir/C_/Users/USUARIO/OneDrive/Documentos/pico-sdk-master/src/rp2_common/pico_stdio/stdio.c.obj
                0x10004634                stdio_flush
 .text.__wrap_puts
                0x10004654       0x1e CMakeFiles/main.dir/C_/Users/USUARIO/OneDrive/Documentos/pico-sdk-master/src/rp2_common/pico_stdio/stdio.c.obj
                0x10004654                __wrap_puts
 *fill*         0x10004672        0x2 
 .text.__wrap_vprintf
                0x10004674       0x40 CMakeFiles/main.dir/C_/Users/USUARIO/OneDrive/Documentos/pico-sdk-master/src/rp2_common/pico_stdio/stdio.c.obj
                0x10004674                __wrap_vprintf
 .text.__wrap_printf
                0x100046b4       0x18 CMakeFiles/main.dir/C_/Users/USUARIO/OneDrive/Documentos/pico-sdk-master/src/rp2_common/pico_stdio/stdio.c.obj
                0x100046b4                __wrap_printf
 .text.stdio_init_all
                0x100046cc        0xa CMakeFiles/main.dir/C_/Users/USUARIO/OneDrive/Documentos/pico-sdk-master/src/rp2_common/pico_stdio/stdio.c.obj
                0x100046cc                stdio_init_all
 *fill*         0x100046d6        0x2 
 .text.uart_putc
                0x100046d8       0x60 CMakeFiles/main.dir/C_/Users/USUARIO/OneDrive/Documentos/pico-sdk-master/src/rp2_common/pico_stdio_uart/stdio_uart.c.obj
 .text.uart_getc
                0x10004738       0x24 CMakeFiles/main.dir/C_/Users/USUARIO/OneDrive/Documentos/pico-sdk-master/src/rp2_common/pico_stdio_uart/stdio_uart.c.obj
 .text.stdio_uart_out_chars
                0x1000475c       0x20 CMakeFiles/main.dir/C_/Users/USUARIO/OneDrive/Documentos/pico-sdk-master/src/rp2_common/pico_stdio_uart/stdio_uart.c.obj
 .text.stdio_uart_in_chars
                0x1000477c       0x5c CMakeFiles/main.dir/C_/Users/USUARIO/OneDrive/Documentos/pico-sdk-master/src/rp2_common/pico_stdio_uart/stdio_uart.c.obj
                0x1000477c                stdio_uart_in_chars
 .text.on_uart_rx
                0x100047d8       0x28 CMakeFiles/main.dir/C_/Users/USUARIO/OneDrive/Documentos/pico-sdk-master/src/rp2_common/pico_stdio_uart/stdio_uart.c.obj
 .text.stdio_uart_set_chars_available_callback
                0x10004800       0x8c CMakeFiles/main.dir/C_/Users/USUARIO/OneDrive/Documentos/pico-sdk-master/src/rp2_common/pico_stdio_uart/stdio_uart.c.obj
 .text.stdio_uart_init_full
                0x1000488c       0x44 CMakeFiles/main.dir/C_/Users/USUARIO/OneDrive/Documentos/pico-sdk-master/src/rp2_common/pico_stdio_uart/stdio_uart.c.obj
                0x1000488c                stdio_uart_init_full
 .text.stdio_uart_init
                0x100048d0       0x28 CMakeFiles/main.dir/C_/Users/USUARIO/OneDrive/Documentos/pico-sdk-master/src/rp2_common/pico_stdio_uart/stdio_uart.c.obj
                0x100048d0                stdio_uart_init
 .text.malloc   0x100048f8       0x14 D:/Archivos de Programa/Arm GNU Toolchain arm-none-eabi/13.2 Rel1/bin/../lib/gcc/arm-none-eabi/13.2.1/thumb/v6-m/nofp\libg.a(libc_a-malloc.o)
                0x100048f8                malloc
 .text.free     0x1000490c       0x14 D:/Archivos de Programa/Arm GNU Toolchain arm-none-eabi/13.2 Rel1/bin/../lib/gcc/arm-none-eabi/13.2.1/thumb/v6-m/nofp\libg.a(libc_a-malloc.o)
                0x1000490c                free
 .text._malloc_r
                0x10004920      0x5c4 D:/Archivos de Programa/Arm GNU Toolchain arm-none-eabi/13.2 Rel1/bin/../lib/gcc/arm-none-eabi/13.2.1/thumb/v6-m/nofp\libg.a(libc_a-mallocr.o)
                0x10004920                _malloc_r
 .text.__malloc_lock
                0x10004ee4       0x10 D:/Archivos de Programa/Arm GNU Toolchain arm-none-eabi/13.2 Rel1/bin/../lib/gcc/arm-none-eabi/13.2.1/thumb/v6-m/nofp\libg.a(libc_a-mlock.o)
                0x10004ee4                __malloc_lock
 .text.__malloc_unlock
                0x10004ef4       0x10 D:/Archivos de Programa/Arm GNU Toolchain arm-none-eabi/13.2 Rel1/bin/../lib/gcc/arm-none-eabi/13.2.1/thumb/v6-m/nofp\libg.a(libc_a-mlock.o)
                0x10004ef4                __malloc_unlock
 .text._sbrk_r  0x10004f04       0x24 D:/Archivos de Programa/Arm GNU Toolchain arm-none-eabi/13.2 Rel1/bin/../lib/gcc/arm-none-eabi/13.2.1/thumb/v6-m/nofp\libg.a(libc_a-sbrkr.o)
                0x10004f04                _sbrk_r
 .text.__errno  0x10004f28        0xc D:/Archivos de Programa/Arm GNU Toolchain arm-none-eabi/13.2 Rel1/bin/../lib/gcc/arm-none-eabi/13.2.1/thumb/v6-m/nofp\libg.a(libc_a-errno.o)
                0x10004f28                __errno
 .text.__retarget_lock_acquire_recursive
                0x10004f34        0x4 D:/Archivos de Programa/Arm GNU Toolchain arm-none-eabi/13.2 Rel1/bin/../lib/gcc/arm-none-eabi/13.2.1/thumb/v6-m/nofp\libg.a(libc_a-lock.o)
                0x10004f34                __retarget_lock_acquire_recursive
 .text.__retarget_lock_release_recursive
                0x10004f38        0x4 D:/Archivos de Programa/Arm GNU Toolchain arm-none-eabi/13.2 Rel1/bin/../lib/gcc/arm-none-eabi/13.2.1/thumb/v6-m/nofp\libg.a(libc_a-lock.o)
                0x10004f38                __retarget_lock_release_recursive
 .text.sysconf  0x10004f3c       0x1c D:/Archivos de Programa/Arm GNU Toolchain arm-none-eabi/13.2 Rel1/bin/../lib/gcc/arm-none-eabi/13.2.1/thumb/v6-m/nofp\libg.a(libc_a-sysconf.o)
                0x10004f3c                sysconf
 .text          0x10004f58       0x88 D:/Archivos de Programa/Arm GNU Toolchain arm-none-eabi/13.2 Rel1/bin/../lib/gcc/arm-none-eabi/13.2.1/thumb/v6-m/nofp\libg.a(libc_a-strcmp.o)
                0x10004f58                strcmp
 .text.strlen   0x10004fe0       0x5c D:/Archivos de Programa/Arm GNU Toolchain arm-none-eabi/13.2 Rel1/bin/../lib/gcc/arm-none-eabi/13.2.1/thumb/v6-m/nofp\libg.a(libc_a-strlen-stub.o)
                0x10004fe0                strlen
 .text._malloc_trim_r
                0x1000503c       0xb4 D:/Archivos de Programa/Arm GNU Toolchain arm-none-eabi/13.2 Rel1/bin/../lib/gcc/arm-none-eabi/13.2.1/thumb/v6-m/nofp\libg.a(libc_a-freer.o)
                0x1000503c                _malloc_trim_r
 .text._free_r  0x100050f0      0x1d4 D:/Archivos de Programa/Arm GNU Toolchain arm-none-eabi/13.2 Rel1/bin/../lib/gcc/arm-none-eabi/13.2.1/thumb/v6-m/nofp\libg.a(libc_a-freer.o)
                0x100050f0                _free_r
 *(.fini)
 .fini          0x100052c4        0x4 D:/Archivos de Programa/Arm GNU Toolchain arm-none-eabi/13.2 Rel1/bin/../lib/gcc/arm-none-eabi/13.2.1/thumb/v6-m/nofp/crti.o
                0x100052c4                _fini
 .fini.__stub   0x100052c8       0x40 linker stubs
 *crtbegin.o(.ctors)
 *crtbegin?.o(.ctors)
 *(EXCLUDE_FILE(*crtend.o *crtend?.o) .ctors)
 *(SORT_BY_NAME(.ctors.*))
 *(.ctors)
 *crtbegin.o(.dtors)
 *crtbegin?.o(.dtors)
 *(EXCLUDE_FILE(*crtend.o *crtend?.o) .dtors)
 *(SORT_BY_NAME(.dtors.*))
 *(.dtors)
 *(.eh_frame*)
 .eh_frame      0x10005308        0x0 D:/Archivos de Programa/Arm GNU Toolchain arm-none-eabi/13.2 Rel1/bin/../lib/gcc/arm-none-eabi/13.2.1/thumb/v6-m/nofp/crtbegin.o
                0x10005308                        . = ALIGN (0x4)

.glue_7         0x10005308        0x0
 .glue_7        0x10005308        0x0 linker stubs

.glue_7t        0x10005308        0x0
 .glue_7t       0x10005308        0x0 linker stubs

.vfp11_veneer   0x10005308        0x0
 .vfp11_veneer  0x10005308        0x0 linker stubs

.v4_bx          0x10005308        0x0
 .v4_bx         0x10005308        0x0 linker stubs

.iplt           0x10005308        0x0
 .iplt          0x10005308        0x0 D:/Archivos de Programa/Arm GNU Toolchain arm-none-eabi/13.2 Rel1/bin/../lib/gcc/arm-none-eabi/13.2.1/thumb/v6-m/nofp/crtbegin.o

.rodata         0x10005308     0x10c4
 *(EXCLUDE_FILE(*libm.a: *libc.a:*lib_a-mem*.o *libgcc.a:) .rodata*)
 .rodata.run_task.str1.4
                0x10005308      0xbf0 CMakeFiles/main.dir/main.c.obj
                                 0x31 (size before relaxing)
 .rodata.main.str1.4
                0x10005ef8        0xd CMakeFiles/main.dir/main.c.obj
 .rodata.run_test.str1.4
                0x10005ef8       0x16 CMakeFiles/main.dir/tests/tests.c.obj
 .rodata.pass.str1.4
                0x10005ef8        0xb CMakeFiles/main.dir/tests/tests.c.obj
 .rodata.str1.4
                0x10005ef8       0x35 CMakeFiles/main.dir/tests/tests.c.obj
 .rodata.tests  0x10005ef8       0x20 CMakeFiles/main.dir/tests/tests.c.obj
 .rodata.timer_init.str1.4
                0x10005f18       0x21 CMakeFiles/main.dir/devices/timer.c.obj
 .rodata.lista_ready_threads.str1.4
                0x10005f18       0x31 CMakeFiles/main.dir/threads/thread.c.obj
 .rodata.thread_create.str1.4
                0x10005f18       0x31 CMakeFiles/main.dir/threads/thread.c.obj
 .rodata.imprimir.str1.4
                0x10005f18       0x19 CMakeFiles/main.dir/tests/one-thread.c.obj
 .rodata.imprimir_multiple.str1.4
                0x10005f18       0x17 CMakeFiles/main.dir/tests/multi-thread.c.obj
 .rodata.resolve_branch.str1.4
                0x10005f18       0x6f CMakeFiles/main.dir/C_/Users/USUARIO/OneDrive/Documentos/pico-sdk-master/src/rp2_common/hardware_irq/irq.c.obj
 .rodata.make_branch.str1.4
                0x10005f18       0x30 CMakeFiles/main.dir/C_/Users/USUARIO/OneDrive/Documentos/pico-sdk-master/src/rp2_common/hardware_irq/irq.c.obj
 .rodata.insert_branch_and_link.str1.4
                0x10005f18       0x10 CMakeFiles/main.dir/C_/Users/USUARIO/OneDrive/Documentos/pico-sdk-master/src/rp2_common/hardware_irq/irq.c.obj
 .rodata.irq_set_exclusive_handler.str1.4
                0x10005f18       0x36 CMakeFiles/main.dir/C_/Users/USUARIO/OneDrive/Documentos/pico-sdk-master/src/rp2_common/hardware_irq/irq.c.obj
 .rodata.irq_remove_handler.str1.4
                0x10005f18       0x3a CMakeFiles/main.dir/C_/Users/USUARIO/OneDrive/Documentos/pico-sdk-master/src/rp2_common/hardware_irq/irq.c.obj
 .rodata.irq_add_tail_to_free_list.str1.4
                0x10005f18       0x3a CMakeFiles/main.dir/C_/Users/USUARIO/OneDrive/Documentos/pico-sdk-master/src/rp2_common/hardware_irq/irq.c.obj
 .rodata.__func__.0
                0x10005f18       0x1a CMakeFiles/main.dir/C_/Users/USUARIO/OneDrive/Documentos/pico-sdk-master/src/rp2_common/hardware_irq/irq.c.obj
 *fill*         0x10005f32        0x2 
 .rodata.__func__.1
                0x10005f34       0x17 CMakeFiles/main.dir/C_/Users/USUARIO/OneDrive/Documentos/pico-sdk-master/src/rp2_common/hardware_irq/irq.c.obj
 *fill*         0x10005f4b        0x1 
 .rodata.__func__.2
                0x10005f4c       0x13 CMakeFiles/main.dir/C_/Users/USUARIO/OneDrive/Documentos/pico-sdk-master/src/rp2_common/hardware_irq/irq.c.obj
 *fill*         0x10005f5f        0x1 
 .rodata.__func__.3
                0x10005f60        0xc CMakeFiles/main.dir/C_/Users/USUARIO/OneDrive/Documentos/pico-sdk-master/src/rp2_common/hardware_irq/irq.c.obj
 .rodata.__func__.4
                0x10005f6c        0xf CMakeFiles/main.dir/C_/Users/USUARIO/OneDrive/Documentos/pico-sdk-master/src/rp2_common/hardware_irq/irq.c.obj
 *fill*         0x10005f7b        0x1 
 .rodata.__func__.6
                0x10005f7c       0x1a CMakeFiles/main.dir/C_/Users/USUARIO/OneDrive/Documentos/pico-sdk-master/src/rp2_common/hardware_irq/irq.c.obj
 .rodata.str1.4
                0x10005f96       0xa5 CMakeFiles/main.dir/C_/Users/USUARIO/OneDrive/Documentos/pico-sdk-master/src/common/pico_sync/mutex.c.obj
 *fill*         0x10005f96        0x2 
 .rodata.__func__.1
                0x10005f98        0xb CMakeFiles/main.dir/C_/Users/USUARIO/OneDrive/Documentos/pico-sdk-master/src/common/pico_sync/mutex.c.obj
 *fill*         0x10005fa3        0x1 
 .rodata.__func__.3
                0x10005fa4       0x18 CMakeFiles/main.dir/C_/Users/USUARIO/OneDrive/Documentos/pico-sdk-master/src/common/pico_sync/mutex.c.obj
 .rodata.get_entry.str1.4
                0x10005fbc       0x75 CMakeFiles/main.dir/C_/Users/USUARIO/OneDrive/Documentos/pico-sdk-master/src/common/pico_time/time.c.obj
 .rodata.update_us_since_boot.str1.4
                0x10005fbc       0x7b CMakeFiles/main.dir/C_/Users/USUARIO/OneDrive/Documentos/pico-sdk-master/src/common/pico_time/time.c.obj
 .rodata.ph_get_node.str1.4
                0x10005fbc       0x80 CMakeFiles/main.dir/C_/Users/USUARIO/OneDrive/Documentos/pico-sdk-master/src/common/pico_time/time.c.obj
 .rodata.ph_add_child_node.str1.4
                0x10005fbc       0x2e CMakeFiles/main.dir/C_/Users/USUARIO/OneDrive/Documentos/pico-sdk-master/src/common/pico_time/time.c.obj
 .rodata.ph_insert_node.str1.4
                0x10005fbc        0x3 CMakeFiles/main.dir/C_/Users/USUARIO/OneDrive/Documentos/pico-sdk-master/src/common/pico_time/time.c.obj
 .rodata.ph_free_node.str1.4
                0x10005fbc       0x38 CMakeFiles/main.dir/C_/Users/USUARIO/OneDrive/Documentos/pico-sdk-master/src/common/pico_time/time.c.obj
 .rodata.repeating_timer_callback.str1.4
                0x10005fbc       0x13 CMakeFiles/main.dir/C_/Users/USUARIO/OneDrive/Documentos/pico-sdk-master/src/common/pico_time/time.c.obj
 .rodata.add_alarm_under_lock.str1.4
                0x10005fbc       0x28 CMakeFiles/main.dir/C_/Users/USUARIO/OneDrive/Documentos/pico-sdk-master/src/common/pico_time/time.c.obj
 .rodata.alarm_pool_alarm_callback.str1.4
                0x10005fbc       0x60 CMakeFiles/main.dir/C_/Users/USUARIO/OneDrive/Documentos/pico-sdk-master/src/common/pico_time/time.c.obj
 .rodata.alarm_pool_get_default.str1.4
                0x10005fbc       0x21 CMakeFiles/main.dir/C_/Users/USUARIO/OneDrive/Documentos/pico-sdk-master/src/common/pico_time/time.c.obj
 .rodata.alarm_pool_cancel_alarm.str1.4
                0x10005fbc       0x27 CMakeFiles/main.dir/C_/Users/USUARIO/OneDrive/Documentos/pico-sdk-master/src/common/pico_time/time.c.obj
 .rodata.__func__.0
                0x10005fbc       0x19 CMakeFiles/main.dir/C_/Users/USUARIO/OneDrive/Documentos/pico-sdk-master/src/common/pico_time/time.c.obj
 *fill*         0x10005fd5        0x3 
 .rodata.__func__.1
                0x10005fd8       0x18 CMakeFiles/main.dir/C_/Users/USUARIO/OneDrive/Documentos/pico-sdk-master/src/common/pico_time/time.c.obj
 .rodata.__func__.3
                0x10005ff0       0x17 CMakeFiles/main.dir/C_/Users/USUARIO/OneDrive/Documentos/pico-sdk-master/src/common/pico_time/time.c.obj
 *fill*         0x10006007        0x1 
 .rodata.__func__.4
                0x10006008       0x12 CMakeFiles/main.dir/C_/Users/USUARIO/OneDrive/Documentos/pico-sdk-master/src/common/pico_time/time.c.obj
 *fill*         0x1000601a        0x2 
 .rodata.__func__.5
                0x1000601c        0xd CMakeFiles/main.dir/C_/Users/USUARIO/OneDrive/Documentos/pico-sdk-master/src/common/pico_time/time.c.obj
 *fill*         0x10006029        0x3 
 .rodata.__func__.6
                0x1000602c       0x12 CMakeFiles/main.dir/C_/Users/USUARIO/OneDrive/Documentos/pico-sdk-master/src/common/pico_time/time.c.obj
 *fill*         0x1000603e        0x2 
 .rodata.__func__.7
                0x10006040        0xf CMakeFiles/main.dir/C_/Users/USUARIO/OneDrive/Documentos/pico-sdk-master/src/common/pico_time/time.c.obj
 *fill*         0x1000604f        0x1 
 .rodata.__func__.8
                0x10006050        0xc CMakeFiles/main.dir/C_/Users/USUARIO/OneDrive/Documentos/pico-sdk-master/src/common/pico_time/time.c.obj
 .rodata.__func__.9
                0x1000605c       0x15 CMakeFiles/main.dir/C_/Users/USUARIO/OneDrive/Documentos/pico-sdk-master/src/common/pico_time/time.c.obj
 *fill*         0x10006071        0x3 
 .rodata.__func__.10
                0x10006074       0x15 CMakeFiles/main.dir/C_/Users/USUARIO/OneDrive/Documentos/pico-sdk-master/src/common/pico_time/time.c.obj
 *fill*         0x10006089        0x3 
 .rodata.__func__.11
                0x1000608c       0x1a CMakeFiles/main.dir/C_/Users/USUARIO/OneDrive/Documentos/pico-sdk-master/src/common/pico_time/time.c.obj
 *fill*         0x100060a6        0x2 
 .rodata.__func__.12
                0x100060a8        0xa CMakeFiles/main.dir/C_/Users/USUARIO/OneDrive/Documentos/pico-sdk-master/src/common/pico_time/time.c.obj
 .rodata.update_us_since_boot.str1.4
                0x100060b2       0x7b CMakeFiles/main.dir/C_/Users/USUARIO/OneDrive/Documentos/pico-sdk-master/src/rp2_common/hardware_timer/timer.c.obj
 .rodata.hardware_alarm_claim.str1.4
                0x100060b2       0x22 CMakeFiles/main.dir/C_/Users/USUARIO/OneDrive/Documentos/pico-sdk-master/src/rp2_common/hardware_timer/timer.c.obj
 .rodata.hardware_alarm_set_target.str1.4
                0x100060b2       0x7f CMakeFiles/main.dir/C_/Users/USUARIO/OneDrive/Documentos/pico-sdk-master/src/rp2_common/hardware_timer/timer.c.obj
 *fill*         0x100060b2        0x2 
 .rodata.__func__.0
                0x100060b4       0x1a CMakeFiles/main.dir/C_/Users/USUARIO/OneDrive/Documentos/pico-sdk-master/src/rp2_common/hardware_timer/timer.c.obj
 *fill*         0x100060ce        0x2 
 .rodata.__func__.1
                0x100060d0       0x15 CMakeFiles/main.dir/C_/Users/USUARIO/OneDrive/Documentos/pico-sdk-master/src/rp2_common/hardware_timer/timer.c.obj
 .rodata.ph_get_node.str1.4
                0x100060e5       0x80 CMakeFiles/main.dir/C_/Users/USUARIO/OneDrive/Documentos/pico-sdk-master/src/common/pico_util/pheap.c.obj
 .rodata.ph_add_child_node.str1.4
                0x100060e5       0x2e CMakeFiles/main.dir/C_/Users/USUARIO/OneDrive/Documentos/pico-sdk-master/src/common/pico_util/pheap.c.obj
 .rodata.ph_remove_any_head.str1.4
                0x100060e5       0xbc CMakeFiles/main.dir/C_/Users/USUARIO/OneDrive/Documentos/pico-sdk-master/src/common/pico_util/pheap.c.obj
 .rodata.ph_remove_and_free_node.str1.4
                0x100060e5       0x26 CMakeFiles/main.dir/C_/Users/USUARIO/OneDrive/Documentos/pico-sdk-master/src/common/pico_util/pheap.c.obj
 *fill*         0x100060e5        0x3 
 .rodata.__func__.0
                0x100060e8       0x18 CMakeFiles/main.dir/C_/Users/USUARIO/OneDrive/Documentos/pico-sdk-master/src/common/pico_util/pheap.c.obj
 .rodata.__func__.1
                0x10006100       0x13 CMakeFiles/main.dir/C_/Users/USUARIO/OneDrive/Documentos/pico-sdk-master/src/common/pico_util/pheap.c.obj
 *fill*         0x10006113        0x1 
 .rodata.__func__.2
                0x10006114       0x12 CMakeFiles/main.dir/C_/Users/USUARIO/OneDrive/Documentos/pico-sdk-master/src/common/pico_util/pheap.c.obj
 *fill*         0x10006126        0x2 
 .rodata.__func__.3
                0x10006128        0xc CMakeFiles/main.dir/C_/Users/USUARIO/OneDrive/Documentos/pico-sdk-master/src/common/pico_util/pheap.c.obj
 .rodata.clock_configure.str1.4
                0x10006134       0x71 CMakeFiles/main.dir/C_/Users/USUARIO/OneDrive/Documentos/pico-sdk-master/src/rp2_common/hardware_clocks/clocks.c.obj
 .rodata.__func__.1
                0x10006134       0x10 CMakeFiles/main.dir/C_/Users/USUARIO/OneDrive/Documentos/pico-sdk-master/src/rp2_common/hardware_clocks/clocks.c.obj
 .rodata.pll_init.str1.4
                0x10006144      0x13c CMakeFiles/main.dir/C_/Users/USUARIO/OneDrive/Documentos/pico-sdk-master/src/rp2_common/hardware_pll/pll.c.obj
 .rodata.__func__.0
                0x10006144        0x9 CMakeFiles/main.dir/C_/Users/USUARIO/OneDrive/Documentos/pico-sdk-master/src/rp2_common/hardware_pll/pll.c.obj
 .rodata.__assert_func.str1.4
                0x1000614d       0x43 CMakeFiles/main.dir/C_/Users/USUARIO/OneDrive/Documentos/pico-sdk-master/src/rp2_common/pico_runtime/runtime.c.obj
 .rodata.runtime_init.str1.4
                0x1000614d       0x7b CMakeFiles/main.dir/C_/Users/USUARIO/OneDrive/Documentos/pico-sdk-master/src/rp2_common/pico_runtime/runtime.c.obj
 .rodata.panic.str1.4
                0x1000614d       0x12 CMakeFiles/main.dir/C_/Users/USUARIO/OneDrive/Documentos/pico-sdk-master/src/rp2_common/pico_runtime/runtime.c.obj
 *fill*         0x1000614d        0x3 
 .rodata.__func__.2
                0x10006150        0xd CMakeFiles/main.dir/C_/Users/USUARIO/OneDrive/Documentos/pico-sdk-master/src/rp2_common/pico_runtime/runtime.c.obj
 .rodata._ftoa.str1.4
                0x1000615d       0x15 CMakeFiles/main.dir/C_/Users/USUARIO/OneDrive/Documentos/pico-sdk-master/src/rp2_common/pico_printf/printf.c.obj
 *fill*         0x1000615d        0x3 
 .rodata._vsnprintf
                0x10006160      0x19c CMakeFiles/main.dir/C_/Users/USUARIO/OneDrive/Documentos/pico-sdk-master/src/rp2_common/pico_printf/printf.c.obj
 *fill*         0x100062fc        0x4 
 .rodata.pow10.0
                0x10006300       0x50 CMakeFiles/main.dir/C_/Users/USUARIO/OneDrive/Documentos/pico-sdk-master/src/rp2_common/pico_printf/printf.c.obj
 .rodata.__aeabi_double_init.str1.4
                0x10006350       0xb6 CMakeFiles/main.dir/C_/Users/USUARIO/OneDrive/Documentos/pico-sdk-master/src/rp2_common/pico_double/double_init_rom.c.obj
 .rodata.__func__.0
                0x10006350       0x14 CMakeFiles/main.dir/C_/Users/USUARIO/OneDrive/Documentos/pico-sdk-master/src/rp2_common/pico_double/double_init_rom.c.obj
 .rodata.__aeabi_float_init.str1.4
                0x10006364       0x98 CMakeFiles/main.dir/C_/Users/USUARIO/OneDrive/Documentos/pico-sdk-master/src/rp2_common/pico_float/float_init_rom.c.obj
 .rodata.__func__.0
                0x10006364       0x13 CMakeFiles/main.dir/C_/Users/USUARIO/OneDrive/Documentos/pico-sdk-master/src/rp2_common/pico_float/float_init_rom.c.obj
 .rodata.check_alloc.str1.4
                0x10006377        0xe CMakeFiles/main.dir/C_/Users/USUARIO/OneDrive/Documentos/pico-sdk-master/src/rp2_common/pico_malloc/pico_malloc.c.obj
 .rodata.str1.4
                0x10006377       0x3c CMakeFiles/main.dir/C_/Users/USUARIO/OneDrive/Documentos/pico-sdk-master/src/rp2_common/pico_standard_link/binary_info.c.obj
 *fill*         0x10006377        0x1 
 .rodata.__bi_81
                0x10006378        0xc CMakeFiles/main.dir/C_/Users/USUARIO/OneDrive/Documentos/pico-sdk-master/src/rp2_common/pico_standard_link/binary_info.c.obj
 .rodata.__bi_75
                0x10006384        0xc CMakeFiles/main.dir/C_/Users/USUARIO/OneDrive/Documentos/pico-sdk-master/src/rp2_common/pico_standard_link/binary_info.c.obj
 .rodata.__bi_44
                0x10006390        0xc CMakeFiles/main.dir/C_/Users/USUARIO/OneDrive/Documentos/pico-sdk-master/src/rp2_common/pico_standard_link/binary_info.c.obj
 .rodata.update_us_since_boot.str1.4
                0x1000639c       0x7b CMakeFiles/main.dir/C_/Users/USUARIO/OneDrive/Documentos/pico-sdk-master/src/rp2_common/pico_stdio/stdio.c.obj
 .rodata.crlf_str.2
                0x1000639c        0x2 CMakeFiles/main.dir/C_/Users/USUARIO/OneDrive/Documentos/pico-sdk-master/src/rp2_common/pico_stdio/stdio.c.obj
 *fill*         0x1000639e        0x2 
 .rodata.__func__.3
                0x100063a0       0x15 CMakeFiles/main.dir/C_/Users/USUARIO/OneDrive/Documentos/pico-sdk-master/src/rp2_common/pico_stdio/stdio.c.obj
 .rodata.str1.4
                0x100063b5       0x2c CMakeFiles/main.dir/C_/Users/USUARIO/OneDrive/Documentos/pico-sdk-master/src/rp2_common/pico_stdio_uart/stdio_uart.c.obj
 *fill*         0x100063b5        0x3 
 .rodata.__bi_33.4
                0x100063b8        0xc CMakeFiles/main.dir/C_/Users/USUARIO/OneDrive/Documentos/pico-sdk-master/src/rp2_common/pico_stdio_uart/stdio_uart.c.obj
 .rodata.__bi_34.5
                0x100063c4        0x8 CMakeFiles/main.dir/C_/Users/USUARIO/OneDrive/Documentos/pico-sdk-master/src/rp2_common/pico_stdio_uart/stdio_uart.c.obj
                0x100063cc                        . = ALIGN (0x4)
 *(SORT_BY_ALIGNMENT(SORT_BY_NAME(.flashdata*)))
                0x100063cc                        . = ALIGN (0x4)

.ARM.extab
 *(.ARM.extab* .gnu.linkonce.armextab.*)
                0x100063cc                        __exidx_start = .

.ARM.exidx
 *(.ARM.exidx* .gnu.linkonce.armexidx.*)
                0x100063cc                        __exidx_end = .
                0x100063cc                        . = ALIGN (0x4)
                0x100063cc                        __binary_info_start = .

.binary_info    0x100063cc       0x24
 *(.binary_info.keep.*)
 .binary_info.keep.__bi_ptr81
                0x100063cc        0x4 CMakeFiles/main.dir/C_/Users/USUARIO/OneDrive/Documentos/pico-sdk-master/src/rp2_common/pico_standard_link/binary_info.c.obj
 .binary_info.keep.__bi_ptr75
                0x100063d0        0x4 CMakeFiles/main.dir/C_/Users/USUARIO/OneDrive/Documentos/pico-sdk-master/src/rp2_common/pico_standard_link/binary_info.c.obj
 .binary_info.keep.__bi_ptr50
                0x100063d4        0x4 CMakeFiles/main.dir/C_/Users/USUARIO/OneDrive/Documentos/pico-sdk-master/src/rp2_common/pico_standard_link/binary_info.c.obj
 .binary_info.keep.__bi_ptr44
                0x100063d8        0x4 CMakeFiles/main.dir/C_/Users/USUARIO/OneDrive/Documentos/pico-sdk-master/src/rp2_common/pico_standard_link/binary_info.c.obj
 .binary_info.keep.__bi_ptr38
                0x100063dc        0x4 CMakeFiles/main.dir/C_/Users/USUARIO/OneDrive/Documentos/pico-sdk-master/src/rp2_common/pico_standard_link/binary_info.c.obj
 .binary_info.keep.__bi_ptr30
                0x100063e0        0x4 CMakeFiles/main.dir/C_/Users/USUARIO/OneDrive/Documentos/pico-sdk-master/src/rp2_common/pico_standard_link/binary_info.c.obj
 .binary_info.keep.__bi_ptr22
                0x100063e4        0x4 CMakeFiles/main.dir/C_/Users/USUARIO/OneDrive/Documentos/pico-sdk-master/src/rp2_common/pico_standard_link/binary_info.c.obj
 *(.binary_info.*)
 .binary_info.__bi_ptr34
                0x100063e8        0x4 CMakeFiles/main.dir/C_/Users/USUARIO/OneDrive/Documentos/pico-sdk-master/src/rp2_common/pico_stdio_uart/stdio_uart.c.obj
 .binary_info.__bi_ptr33
                0x100063ec        0x4 CMakeFiles/main.dir/C_/Users/USUARIO/OneDrive/Documentos/pico-sdk-master/src/rp2_common/pico_stdio_uart/stdio_uart.c.obj
                0x100063f0                        __binary_info_end = .

.rel.dyn        0x100063f0        0x0
 .rel.iplt      0x100063f0        0x0 D:/Archivos de Programa/Arm GNU Toolchain arm-none-eabi/13.2 Rel1/bin/../lib/gcc/arm-none-eabi/13.2.1/thumb/v6-m/nofp/crtbegin.o
                0x100063f0                        . = ALIGN (0x4)

.ram_vector_table
                0x20000000       0xc0
 *(.ram_vector_table)
 .ram_vector_table
                0x20000000       0xc0 CMakeFiles/main.dir/C_/Users/USUARIO/OneDrive/Documentos/pico-sdk-master/src/rp2_common/pico_runtime/runtime.c.obj
                0x20000000                ram_vector_table

.data           0x200000c0      0x77c load address 0x100063f0
                0x200000c0                        __data_start__ = .
 *(vtable)
 *(.time_critical*)
 .time_critical.mutex_try_enter
                0x200000c0       0x46 CMakeFiles/main.dir/C_/Users/USUARIO/OneDrive/Documentos/pico-sdk-master/src/common/pico_sync/mutex.c.obj
                0x200000c0                mutex_try_enter
 *fill*         0x20000106        0x2 
 .time_critical.mutex_enter_block_until
                0x20000108       0x8c CMakeFiles/main.dir/C_/Users/USUARIO/OneDrive/Documentos/pico-sdk-master/src/common/pico_sync/mutex.c.obj
                0x20000108                mutex_enter_block_until
 .time_critical.mutex_try_enter_block_until
                0x20000194       0x34 CMakeFiles/main.dir/C_/Users/USUARIO/OneDrive/Documentos/pico-sdk-master/src/common/pico_sync/mutex.c.obj
                0x20000194                mutex_try_enter_block_until
 .time_critical.mutex_exit
                0x200001c8       0x4c CMakeFiles/main.dir/C_/Users/USUARIO/OneDrive/Documentos/pico-sdk-master/src/common/pico_sync/mutex.c.obj
                0x200001c8                mutex_exit
 *(.text*)
 .text          0x20000214        0x4 D:/Archivos de Programa/Arm GNU Toolchain arm-none-eabi/13.2 Rel1/bin/../lib/gcc/arm-none-eabi/13.2.1/thumb/v6-m/nofp\libgcc.a(_dvmd_tls.o)
                0x20000214                __aeabi_idiv0
                0x20000214                __aeabi_ldiv0
 .text.__stub   0x20000218       0x20 linker stubs
                0x20000238                        . = ALIGN (0x4)
 *(.rodata*)
                0x20000238                        . = ALIGN (0x4)
 *(.data*)
 .data.next_id  0x20000238        0x4 CMakeFiles/main.dir/threads/thread.c.obj
 .data.striped_spin_lock_num
                0x2000023c        0x1 CMakeFiles/main.dir/C_/Users/USUARIO/OneDrive/Documentos/pico-sdk-master/src/rp2_common/hardware_sync/sync.c.obj
 *fill*         0x2000023d        0x3 
 .data          0x20000240       0x48 CMakeFiles/main.dir/C_/Users/USUARIO/OneDrive/Documentos/pico-sdk-master/src/rp2_common/hardware_irq/irq_handler_chain.S.obj
                0x20000240                irq_handler_chain_slots
                0x20000270                irq_handler_chain_first_slot
                0x2000027a                irq_handler_chain_remove_tail
 .data.default_alarm_pool
                0x20000288       0x18 CMakeFiles/main.dir/C_/Users/USUARIO/OneDrive/Documentos/pico-sdk-master/src/common/pico_time/time.c.obj
 .data.default_alarm_pool_heap
                0x200002a0       0x10 CMakeFiles/main.dir/C_/Users/USUARIO/OneDrive/Documentos/pico-sdk-master/src/common/pico_time/time.c.obj
 .data.aeabi_bits_funcs
                0x200002b0       0x10 CMakeFiles/main.dir/C_/Users/USUARIO/OneDrive/Documentos/pico-sdk-master/src/rp2_common/pico_bit_ops/bit_ops_aeabi.S.obj
                0x200002b0                aeabi_bits_funcs
                0x200002c0                aeabi_bits_funcs_end
 .data.aeabi_mem_funcs
                0x200002c0       0x10 CMakeFiles/main.dir/C_/Users/USUARIO/OneDrive/Documentos/pico-sdk-master/src/rp2_common/pico_mem_ops/mem_ops_aeabi.S.obj
                0x200002c0                aeabi_mem_funcs
                0x200002d0                aeabi_mem_funcs_end
 .data.stdio_uart
                0x200002d0       0x18 CMakeFiles/main.dir/C_/Users/USUARIO/OneDrive/Documentos/pico-sdk-master/src/rp2_common/pico_stdio_uart/stdio_uart.c.obj
                0x200002d0                stdio_uart
 .data.__malloc_sbrk_base
                0x200002e8        0x4 D:/Archivos de Programa/Arm GNU Toolchain arm-none-eabi/13.2 Rel1/bin/../lib/gcc/arm-none-eabi/13.2.1/thumb/v6-m/nofp\libg.a(libc_a-mallocr.o)
                0x200002e8                __malloc_sbrk_base
 .data.__malloc_trim_threshold
                0x200002ec        0x4 D:/Archivos de Programa/Arm GNU Toolchain arm-none-eabi/13.2 Rel1/bin/../lib/gcc/arm-none-eabi/13.2.1/thumb/v6-m/nofp\libg.a(libc_a-mallocr.o)
                0x200002ec                __malloc_trim_threshold
 .data.__malloc_av_
                0x200002f0      0x408 D:/Archivos de Programa/Arm GNU Toolchain arm-none-eabi/13.2 Rel1/bin/../lib/gcc/arm-none-eabi/13.2.1/thumb/v6-m/nofp\libg.a(libc_a-mallocr.o)
                0x200002f0                __malloc_av_
 .data._impure_ptr
                0x200006f8        0x4 D:/Archivos de Programa/Arm GNU Toolchain arm-none-eabi/13.2 Rel1/bin/../lib/gcc/arm-none-eabi/13.2.1/thumb/v6-m/nofp\libg.a(libc_a-impure.o)
                0x200006f8                _impure_ptr
 *fill*         0x200006fc        0x4 
 .data._impure_data
                0x20000700      0x120 D:/Archivos de Programa/Arm GNU Toolchain arm-none-eabi/13.2 Rel1/bin/../lib/gcc/arm-none-eabi/13.2.1/thumb/v6-m/nofp\libg.a(libc_a-impure.o)
                0x20000700                _impure_data
                0x20000820                        . = ALIGN (0x4)
 *(.after_data.*)
                0x20000820                        . = ALIGN (0x4)
                0x20000820                        PROVIDE (__mutex_array_start = .)
 *(SORT_BY_NAME(.mutex_array.*))
 *(.mutex_array)
 .mutex_array   0x20000820        0x8 CMakeFiles/main.dir/C_/Users/USUARIO/OneDrive/Documentos/pico-sdk-master/src/rp2_common/pico_stdio/stdio.c.obj
                0x20000828                        PROVIDE (__mutex_array_end = .)
                0x20000828                        . = ALIGN (0x4)
                0x20000828                        PROVIDE (__preinit_array_start = .)
 *(SORT_BY_NAME(.preinit_array.*))
 .preinit_array.00001
                0x20000828        0x4 CMakeFiles/main.dir/C_/Users/USUARIO/OneDrive/Documentos/pico-sdk-master/src/rp2_common/pico_mem_ops/mem_ops_aeabi.S.obj
 .preinit_array.00010
                0x2000082c        0x4 CMakeFiles/main.dir/C_/Users/USUARIO/OneDrive/Documentos/pico-sdk-master/src/rp2_common/pico_bit_ops/bit_ops_aeabi.S.obj
 .preinit_array.00020
                0x20000830        0x4 CMakeFiles/main.dir/C_/Users/USUARIO/OneDrive/Documentos/pico-sdk-master/src/rp2_common/pico_double/double_aeabi.S.obj
 .preinit_array.00020
                0x20000834        0x4 CMakeFiles/main.dir/C_/Users/USUARIO/OneDrive/Documentos/pico-sdk-master/src/rp2_common/pico_float/float_aeabi.S.obj
 *(.preinit_array)
                0x20000838                        PROVIDE (__preinit_array_end = .)
                0x20000838                        . = ALIGN (0x4)
                0x20000838                        PROVIDE (__init_array_start = .)
 *(SORT_BY_NAME(.init_array.*))
 *(.init_array)
 .init_array    0x20000838        0x4 D:/Archivos de Programa/Arm GNU Toolchain arm-none-eabi/13.2 Rel1/bin/../lib/gcc/arm-none-eabi/13.2.1/thumb/v6-m/nofp/crtbegin.o
                0x2000083c                        PROVIDE (__init_array_end = .)
                0x2000083c                        . = ALIGN (0x4)
                [!provide]                        PROVIDE (__fini_array_start = .)
 *(SORT_BY_NAME(.fini_array.*))
 *(.fini_array)
                [!provide]                        PROVIDE (__fini_array_end = .)
 *(.jcr)
                0x2000083c                        . = ALIGN (0x4)
                0x2000083c                        __data_end__ = .
                0x100063f0                        __etext = LOADADDR (.data)

.tm_clone_table
                0x2000083c        0x0 load address 0x10006b6c
 .tm_clone_table
                0x2000083c        0x0 D:/Archivos de Programa/Arm GNU Toolchain arm-none-eabi/13.2 Rel1/bin/../lib/gcc/arm-none-eabi/13.2.1/thumb/v6-m/nofp/crtbegin.o
 .tm_clone_table
                0x2000083c        0x0 D:/Archivos de Programa/Arm GNU Toolchain arm-none-eabi/13.2 Rel1/bin/../lib/gcc/arm-none-eabi/13.2.1/thumb/v6-m/nofp/crtend.o

.igot.plt       0x2000083c        0x0 load address 0x10006b6c
 .igot.plt      0x2000083c        0x0 D:/Archivos de Programa/Arm GNU Toolchain arm-none-eabi/13.2 Rel1/bin/../lib/gcc/arm-none-eabi/13.2.1/thumb/v6-m/nofp/crtbegin.o

.uninitialized_data
                0x2000083c        0x0 load address 0x10006b6c
                0x2000083c                        . = ALIGN (0x4)
 *(.uninitialized_data*)

.scratch_x      0x20040000        0x0 load address 0x10006b6c
                0x20040000                        __scratch_x_start__ = .
 *(.scratch_x.*)
                0x20040000                        . = ALIGN (0x4)
                0x20040000                        __scratch_x_end__ = .
                0x10006b6c                        __scratch_x_source__ = LOADADDR (.scratch_x)

.scratch_y      0x20041000        0x0 load address 0x10006b6c
                0x20041000                        __scratch_y_start__ = .
 *(.scratch_y.*)
                0x20041000                        . = ALIGN (0x4)
                0x20041000                        __scratch_y_end__ = .
                0x10006b6c                        __scratch_y_source__ = LOADADDR (.scratch_y)

.bss            0x20000840      0x594
                0x20000840                        . = ALIGN (0x4)
                0x20000840                        __bss_start__ = .
 *(SORT_BY_ALIGNMENT(SORT_BY_NAME(.bss*)))
 .bss.default_alarm_pool_entries
                0x20000840      0x100 CMakeFiles/main.dir/C_/Users/USUARIO/OneDrive/Documentos/pico-sdk-master/src/common/pico_time/time.c.obj
 .bss.timer     0x20000940       0x18 CMakeFiles/main.dir/devices/timer.c.obj
 .bss.__lock___malloc_recursive_mutex
                0x20000958        0x1 D:/Archivos de Programa/Arm GNU Toolchain arm-none-eabi/13.2 Rel1/bin/../lib/gcc/arm-none-eabi/13.2.1/thumb/v6-m/nofp\libg.a(libc_a-lock.o)
                0x20000958                __lock___malloc_recursive_mutex
 *fill*         0x20000959        0x3 
 .bss.__malloc_current_mallinfo
                0x2000095c       0x28 D:/Archivos de Programa/Arm GNU Toolchain arm-none-eabi/13.2 Rel1/bin/../lib/gcc/arm-none-eabi/13.2.1/thumb/v6-m/nofp\libg.a(libc_a-mallocr.o)
                0x2000095c                __malloc_current_mallinfo
 .bss.__malloc_max_sbrked_mem
                0x20000984        0x4 D:/Archivos de Programa/Arm GNU Toolchain arm-none-eabi/13.2 Rel1/bin/../lib/gcc/arm-none-eabi/13.2.1/thumb/v6-m/nofp\libg.a(libc_a-mallocr.o)
                0x20000984                __malloc_max_sbrked_mem
 .bss.__malloc_max_total_mem
                0x20000988        0x4 D:/Archivos de Programa/Arm GNU Toolchain arm-none-eabi/13.2 Rel1/bin/../lib/gcc/arm-none-eabi/13.2.1/thumb/v6-m/nofp\libg.a(libc_a-mallocr.o)
                0x20000988                __malloc_max_total_mem
 .bss.__malloc_top_pad
                0x2000098c        0x4 D:/Archivos de Programa/Arm GNU Toolchain arm-none-eabi/13.2 Rel1/bin/../lib/gcc/arm-none-eabi/13.2.1/thumb/v6-m/nofp\libg.a(libc_a-mallocr.o)
                0x2000098c                __malloc_top_pad
 .bss.__sf      0x20000990      0x138 D:/Archivos de Programa/Arm GNU Toolchain arm-none-eabi/13.2 Rel1/bin/../lib/gcc/arm-none-eabi/13.2.1/thumb/v6-m/nofp\libg.a(libc_a-findfp.o)
                0x20000990                __sf
 .bss.alarm_callbacks
                0x20000ac8       0x10 CMakeFiles/main.dir/C_/Users/USUARIO/OneDrive/Documentos/pico-sdk-master/src/rp2_common/hardware_timer/timer.c.obj
 .bss.all_list  0x20000ad8       0x10 CMakeFiles/main.dir/threads/thread.c.obj
 .bss.chars_available_callback
                0x20000ae8        0x4 CMakeFiles/main.dir/C_/Users/USUARIO/OneDrive/Documentos/pico-sdk-master/src/rp2_common/pico_stdio_uart/stdio_uart.c.obj
 .bss.chars_available_param
                0x20000aec        0x4 CMakeFiles/main.dir/C_/Users/USUARIO/OneDrive/Documentos/pico-sdk-master/src/rp2_common/pico_stdio_uart/stdio_uart.c.obj
 .bss.configured_freq
                0x20000af0       0x28 CMakeFiles/main.dir/C_/Users/USUARIO/OneDrive/Documentos/pico-sdk-master/src/rp2_common/hardware_clocks/clocks.c.obj
 .bss.current_thread
                0x20000b18        0x4 CMakeFiles/main.dir/threads/thread.c.obj
 .bss.default_alarm_pool_entry_ids_high
                0x20000b1c       0x10 CMakeFiles/main.dir/C_/Users/USUARIO/OneDrive/Documentos/pico-sdk-master/src/common/pico_time/time.c.obj
 .bss.default_alarm_pool_heap_nodes
                0x20000b2c       0x30 CMakeFiles/main.dir/C_/Users/USUARIO/OneDrive/Documentos/pico-sdk-master/src/common/pico_time/time.c.obj
 .bss.drivers   0x20000b5c        0x4 CMakeFiles/main.dir/C_/Users/USUARIO/OneDrive/Documentos/pico-sdk-master/src/rp2_common/pico_stdio/stdio.c.obj
 .bss.errno     0x20000b60        0x4 D:/Archivos de Programa/Arm GNU Toolchain arm-none-eabi/13.2 Rel1/bin/../lib/gcc/arm-none-eabi/13.2.1/thumb/v6-m/nofp\libg.a(libc_a-reent.o)
                0x20000b60                errno
 .bss.filter    0x20000b64        0x4 CMakeFiles/main.dir/C_/Users/USUARIO/OneDrive/Documentos/pico-sdk-master/src/rp2_common/pico_stdio/stdio.c.obj
 .bss.heap_end.1
                0x20000b68        0x4 CMakeFiles/main.dir/C_/Users/USUARIO/OneDrive/Documentos/pico-sdk-master/src/rp2_common/pico_runtime/runtime.c.obj
 .bss.object.0  0x20000b6c       0x18 D:/Archivos de Programa/Arm GNU Toolchain arm-none-eabi/13.2 Rel1/bin/../lib/gcc/arm-none-eabi/13.2.1/thumb/v6-m/nofp/crtbegin.o
 .bss.pools     0x20000b84       0x10 CMakeFiles/main.dir/C_/Users/USUARIO/OneDrive/Documentos/pico-sdk-master/src/common/pico_time/time.c.obj
 .bss.ready_list
                0x20000b94       0x10 CMakeFiles/main.dir/threads/thread.c.obj
 .bss.sd_table  0x20000ba4      0x100 CMakeFiles/main.dir/C_/Users/USUARIO/OneDrive/Documentos/pico-sdk-master/src/rp2_common/pico_double/double_init_rom.c.obj
                0x20000ba4                sd_table
 .bss.sf_clz_func
                0x20000ca4        0x4 CMakeFiles/main.dir/C_/Users/USUARIO/OneDrive/Documentos/pico-sdk-master/src/rp2_common/pico_double/double_init_rom.c.obj
                0x20000ca4                sf_clz_func
 .bss.sf_table  0x20000ca8      0x100 CMakeFiles/main.dir/C_/Users/USUARIO/OneDrive/Documentos/pico-sdk-master/src/rp2_common/pico_float/float_init_rom.c.obj
                0x20000ca8                sf_table
 .bss.sleep_notifier
                0x20000da8        0x4 CMakeFiles/main.dir/C_/Users/USUARIO/OneDrive/Documentos/pico-sdk-master/src/common/pico_time/time.c.obj
 .bss.target_hi
                0x20000dac       0x10 CMakeFiles/main.dir/C_/Users/USUARIO/OneDrive/Documentos/pico-sdk-master/src/rp2_common/hardware_timer/timer.c.obj
 .bss.test_name
                0x20000dbc        0x4 CMakeFiles/main.dir/tests/tests.c.obj
 .bss.thread_ticks
                0x20000dc0        0x4 CMakeFiles/main.dir/threads/thread.c.obj
 .bss.ticks     0x20000dc4        0x4 CMakeFiles/main.dir/devices/timer.c.obj
 .bss.uart_char_to_line_feed
                0x20000dc8        0x4 CMakeFiles/main.dir/C_/Users/USUARIO/OneDrive/Documentos/pico-sdk-master/src/rp2_common/hardware_uart/uart.c.obj
                0x20000dc8                uart_char_to_line_feed
 .bss.uart_instance
                0x20000dcc        0x4 CMakeFiles/main.dir/C_/Users/USUARIO/OneDrive/Documentos/pico-sdk-master/src/rp2_common/pico_stdio_uart/stdio_uart.c.obj
 .bss.all_threads_finished
                0x20000dd0        0x1 CMakeFiles/main.dir/threads/thread.c.obj
 .bss.claimed   0x20000dd1        0x1 CMakeFiles/main.dir/C_/Users/USUARIO/OneDrive/Documentos/pico-sdk-master/src/rp2_common/hardware_timer/timer.c.obj
 .bss.irq_hander_chain_free_slot_head
                0x20000dd2        0x1 CMakeFiles/main.dir/C_/Users/USUARIO/OneDrive/Documentos/pico-sdk-master/src/rp2_common/hardware_irq/irq.c.obj
 .bss.timer_callbacks_pending
                0x20000dd3        0x1 CMakeFiles/main.dir/C_/Users/USUARIO/OneDrive/Documentos/pico-sdk-master/src/rp2_common/hardware_timer/timer.c.obj
 *(COMMON)
                0x20000dd4                        . = ALIGN (0x4)
                0x20000dd4                        __bss_end__ = .

.heap           0x20000dd4      0x800
                0x20000dd4                        __end__ = .
                0x20000dd4                        end = __end__
 *(.heap*)
 .heap          0x20000dd4      0x800 CMakeFiles/main.dir/C_/Users/USUARIO/OneDrive/Documentos/pico-sdk-master/src/rp2_common/pico_standard_link/crt0.S.obj
                0x200015d4                        __HeapLimit = .

.stack1_dummy
 *(.stack1*)

.stack_dummy    0x20041000      0x800
 *(.stack*)
 .stack         0x20041000      0x800 CMakeFiles/main.dir/C_/Users/USUARIO/OneDrive/Documentos/pico-sdk-master/src/rp2_common/pico_standard_link/crt0.S.obj

.flash_end      0x10006b6c        0x0
                0x10006b6c                        PROVIDE (__flash_binary_end = .)
                0x20040000                        __StackLimit = (ORIGIN (RAM) + LENGTH (RAM))
                0x20041000                        __StackOneTop = (ORIGIN (SCRATCH_X) + LENGTH (SCRATCH_X))
                0x20042000                        __StackTop = (ORIGIN (SCRATCH_Y) + LENGTH (SCRATCH_Y))
                0x20041000                        __StackOneBottom = (__StackOneTop - SIZEOF (.stack1_dummy))
                0x20041800                        __StackBottom = (__StackTop - SIZEOF (.stack_dummy))
                0x20042000                        PROVIDE (__stack = __StackTop)
                0x00000001                        ASSERT ((__StackLimit >= __HeapLimit), region RAM overflowed)
                0x00000001                        ASSERT (((__binary_info_header_end - __logical_binary_start) <= 0x100), Binary info must be in first 256 bytes of the binary)
LOAD CMakeFiles/main.dir/main.c.obj
LOAD CMakeFiles/main.dir/tests/tests.c.obj
LOAD CMakeFiles/main.dir/devices/timer.c.obj
LOAD CMakeFiles/main.dir/threads/thread.c.obj
LOAD CMakeFiles/main.dir/tests/alarm-negative.c.obj
LOAD CMakeFiles/main.dir/tests/alarm-zero.c.obj
LOAD CMakeFiles/main.dir/tests/one-thread.c.obj
LOAD CMakeFiles/main.dir/tests/multi-thread.c.obj
LOAD CMakeFiles/main.dir/list.c.obj
LOAD CMakeFiles/main.dir/C_/Users/USUARIO/OneDrive/Documentos/pico-sdk-master/src/rp2_common/pico_stdlib/stdlib.c.obj
LOAD CMakeFiles/main.dir/C_/Users/USUARIO/OneDrive/Documentos/pico-sdk-master/src/rp2_common/hardware_gpio/gpio.c.obj
LOAD CMakeFiles/main.dir/C_/Users/USUARIO/OneDrive/Documentos/pico-sdk-master/src/rp2_common/pico_platform/platform.c.obj
LOAD CMakeFiles/main.dir/C_/Users/USUARIO/OneDrive/Documentos/pico-sdk-master/src/rp2_common/hardware_claim/claim.c.obj
LOAD CMakeFiles/main.dir/C_/Users/USUARIO/OneDrive/Documentos/pico-sdk-master/src/rp2_common/hardware_sync/sync.c.obj
LOAD CMakeFiles/main.dir/C_/Users/USUARIO/OneDrive/Documentos/pico-sdk-master/src/rp2_common/hardware_irq/irq.c.obj
LOAD CMakeFiles/main.dir/C_/Users/USUARIO/OneDrive/Documentos/pico-sdk-master/src/rp2_common/hardware_irq/irq_handler_chain.S.obj
LOAD CMakeFiles/main.dir/C_/Users/USUARIO/OneDrive/Documentos/pico-sdk-master/src/common/pico_sync/sem.c.obj
LOAD CMakeFiles/main.dir/C_/Users/USUARIO/OneDrive/Documentos/pico-sdk-master/src/common/pico_sync/lock_core.c.obj
LOAD CMakeFiles/main.dir/C_/Users/USUARIO/OneDrive/Documentos/pico-sdk-master/src/common/pico_sync/mutex.c.obj
LOAD CMakeFiles/main.dir/C_/Users/USUARIO/OneDrive/Documentos/pico-sdk-master/src/common/pico_sync/critical_section.c.obj
LOAD CMakeFiles/main.dir/C_/Users/USUARIO/OneDrive/Documentos/pico-sdk-master/src/common/pico_time/time.c.obj
LOAD CMakeFiles/main.dir/C_/Users/USUARIO/OneDrive/Documentos/pico-sdk-master/src/common/pico_time/timeout_helper.c.obj
LOAD CMakeFiles/main.dir/C_/Users/USUARIO/OneDrive/Documentos/pico-sdk-master/src/rp2_common/hardware_timer/timer.c.obj
LOAD CMakeFiles/main.dir/C_/Users/USUARIO/OneDrive/Documentos/pico-sdk-master/src/common/pico_util/datetime.c.obj
LOAD CMakeFiles/main.dir/C_/Users/USUARIO/OneDrive/Documentos/pico-sdk-master/src/common/pico_util/pheap.c.obj
LOAD CMakeFiles/main.dir/C_/Users/USUARIO/OneDrive/Documentos/pico-sdk-master/src/common/pico_util/queue.c.obj
LOAD CMakeFiles/main.dir/C_/Users/USUARIO/OneDrive/Documentos/pico-sdk-master/src/rp2_common/hardware_uart/uart.c.obj
LOAD CMakeFiles/main.dir/C_/Users/USUARIO/OneDrive/Documentos/pico-sdk-master/src/rp2_common/hardware_clocks/clocks.c.obj
LOAD CMakeFiles/main.dir/C_/Users/USUARIO/OneDrive/Documentos/pico-sdk-master/src/rp2_common/hardware_pll/pll.c.obj
LOAD CMakeFiles/main.dir/C_/Users/USUARIO/OneDrive/Documentos/pico-sdk-master/src/rp2_common/hardware_vreg/vreg.c.obj
LOAD CMakeFiles/main.dir/C_/Users/USUARIO/OneDrive/Documentos/pico-sdk-master/src/rp2_common/hardware_watchdog/watchdog.c.obj
LOAD CMakeFiles/main.dir/C_/Users/USUARIO/OneDrive/Documentos/pico-sdk-master/src/rp2_common/hardware_xosc/xosc.c.obj
LOAD CMakeFiles/main.dir/C_/Users/USUARIO/OneDrive/Documentos/pico-sdk-master/src/rp2_common/hardware_divider/divider.S.obj
LOAD CMakeFiles/main.dir/C_/Users/USUARIO/OneDrive/Documentos/pico-sdk-master/src/rp2_common/pico_runtime/runtime.c.obj
LOAD CMakeFiles/main.dir/C_/Users/USUARIO/OneDrive/Documentos/pico-sdk-master/src/rp2_common/pico_printf/printf.c.obj
LOAD CMakeFiles/main.dir/C_/Users/USUARIO/OneDrive/Documentos/pico-sdk-master/src/rp2_common/pico_bit_ops/bit_ops_aeabi.S.obj
LOAD CMakeFiles/main.dir/C_/Users/USUARIO/OneDrive/Documentos/pico-sdk-master/src/rp2_common/pico_bootrom/bootrom.c.obj
LOAD CMakeFiles/main.dir/C_/Users/USUARIO/OneDrive/Documentos/pico-sdk-master/src/rp2_common/pico_divider/divider.S.obj
LOAD CMakeFiles/main.dir/C_/Users/USUARIO/OneDrive/Documentos/pico-sdk-master/src/rp2_common/pico_double/double_aeabi.S.obj
LOAD CMakeFiles/main.dir/C_/Users/USUARIO/OneDrive/Documentos/pico-sdk-master/src/rp2_common/pico_double/double_init_rom.c.obj
LOAD CMakeFiles/main.dir/C_/Users/USUARIO/OneDrive/Documentos/pico-sdk-master/src/rp2_common/pico_double/double_math.c.obj
LOAD CMakeFiles/main.dir/C_/Users/USUARIO/OneDrive/Documentos/pico-sdk-master/src/rp2_common/pico_double/double_v1_rom_shim.S.obj
LOAD CMakeFiles/main.dir/C_/Users/USUARIO/OneDrive/Documentos/pico-sdk-master/src/rp2_common/pico_int64_ops/pico_int64_ops_aeabi.S.obj
LOAD CMakeFiles/main.dir/C_/Users/USUARIO/OneDrive/Documentos/pico-sdk-master/src/rp2_common/pico_float/float_aeabi.S.obj
LOAD CMakeFiles/main.dir/C_/Users/USUARIO/OneDrive/Documentos/pico-sdk-master/src/rp2_common/pico_float/float_init_rom.c.obj
LOAD CMakeFiles/main.dir/C_/Users/USUARIO/OneDrive/Documentos/pico-sdk-master/src/rp2_common/pico_float/float_math.c.obj
LOAD CMakeFiles/main.dir/C_/Users/USUARIO/OneDrive/Documentos/pico-sdk-master/src/rp2_common/pico_float/float_v1_rom_shim.S.obj
LOAD CMakeFiles/main.dir/C_/Users/USUARIO/OneDrive/Documentos/pico-sdk-master/src/rp2_common/pico_malloc/pico_malloc.c.obj
LOAD CMakeFiles/main.dir/C_/Users/USUARIO/OneDrive/Documentos/pico-sdk-master/src/rp2_common/pico_mem_ops/mem_ops_aeabi.S.obj
LOAD CMakeFiles/main.dir/C_/Users/USUARIO/OneDrive/Documentos/pico-sdk-master/src/rp2_common/pico_standard_link/crt0.S.obj
LOAD CMakeFiles/main.dir/C_/Users/USUARIO/OneDrive/Documentos/pico-sdk-master/src/rp2_common/pico_standard_link/new_delete.cpp.obj
LOAD CMakeFiles/main.dir/C_/Users/USUARIO/OneDrive/Documentos/pico-sdk-master/src/rp2_common/pico_standard_link/binary_info.c.obj
LOAD CMakeFiles/main.dir/C_/Users/USUARIO/OneDrive/Documentos/pico-sdk-master/src/rp2_common/pico_stdio/stdio.c.obj
LOAD CMakeFiles/main.dir/C_/Users/USUARIO/OneDrive/Documentos/pico-sdk-master/src/rp2_common/pico_stdio_uart/stdio_uart.c.obj
LOAD C:\Users\USUARIO\AppData\Local\Temp\cctYvqsi.o
LOAD D:/Archivos de Programa/Arm GNU Toolchain arm-none-eabi/13.2 Rel1/bin/../lib/gcc/arm-none-eabi/13.2.1/thumb/v6-m/nofp\libstdc++.a
LOAD D:/Archivos de Programa/Arm GNU Toolchain arm-none-eabi/13.2 Rel1/bin/../lib/gcc/arm-none-eabi/13.2.1/thumb/v6-m/nofp\libm.a
START GROUP
LOAD D:/Archivos de Programa/Arm GNU Toolchain arm-none-eabi/13.2 Rel1/bin/../lib/gcc/arm-none-eabi/13.2.1/thumb/v6-m/nofp\libgcc.a
LOAD D:/Archivos de Programa/Arm GNU Toolchain arm-none-eabi/13.2 Rel1/bin/../lib/gcc/arm-none-eabi/13.2.1/thumb/v6-m/nofp\libg.a
LOAD D:/Archivos de Programa/Arm GNU Toolchain arm-none-eabi/13.2 Rel1/bin/../lib/gcc/arm-none-eabi/13.2.1/thumb/v6-m/nofp\libc.a
END GROUP
START GROUP
LOAD D:/Archivos de Programa/Arm GNU Toolchain arm-none-eabi/13.2 Rel1/bin/../lib/gcc/arm-none-eabi/13.2.1/thumb/v6-m/nofp\libgcc.a
LOAD D:/Archivos de Programa/Arm GNU Toolchain arm-none-eabi/13.2 Rel1/bin/../lib/gcc/arm-none-eabi/13.2.1/thumb/v6-m/nofp\libc.a
LOAD D:/Archivos de Programa/Arm GNU Toolchain arm-none-eabi/13.2 Rel1/bin/../lib/gcc/arm-none-eabi/13.2.1/thumb/v6-m/nofp\libnosys.a
END GROUP
LOAD D:/Archivos de Programa/Arm GNU Toolchain arm-none-eabi/13.2 Rel1/bin/../lib/gcc/arm-none-eabi/13.2.1/thumb/v6-m/nofp/crtend.o
LOAD D:/Archivos de Programa/Arm GNU Toolchain arm-none-eabi/13.2 Rel1/bin/../lib/gcc/arm-none-eabi/13.2.1/thumb/v6-m/nofp/crtn.o
OUTPUT(main.elf elf32-littlearm)
LOAD linker stubs

.ARM.attributes
                0x00000000       0x28
 .ARM.attributes